ARM GAS  C:\msys64\tmp\ccKa2hS8.s 			page 1


   1              		.cpu cortex-m3
   2              		.arch armv7-m
   3              		.fpu softvfp
   4              		.eabi_attribute 20, 1
   5              		.eabi_attribute 21, 1
   6              		.eabi_attribute 23, 3
   7              		.eabi_attribute 24, 1
   8              		.eabi_attribute 25, 1
   9              		.eabi_attribute 26, 1
  10              		.eabi_attribute 30, 1
  11              		.eabi_attribute 34, 1
  12              		.eabi_attribute 18, 4
  13              		.file	"main.c"
  14              		.text
  15              	.Ltext0:
  16              		.cfi_sections	.debug_frame
  17              		.file 1 "Core/Src/main.c"
  18              		.section	.text.MX_GPIO_Init,"ax",%progbits
  19              		.align	1
  20              		.syntax unified
  21              		.thumb
  22              		.thumb_func
  24              	MX_GPIO_Init:
  25              	.LFB68:
   1:Core/Src/main.c **** /* USER CODE BEGIN Header */
   2:Core/Src/main.c **** /**
   3:Core/Src/main.c ****  ******************************************************************************
   4:Core/Src/main.c ****  * @file           : main.c
   5:Core/Src/main.c ****  * @brief          : Main program body
   6:Core/Src/main.c ****  ******************************************************************************
   7:Core/Src/main.c ****  * @attention
   8:Core/Src/main.c ****  *
   9:Core/Src/main.c ****  * Copyright (c) 2026 STMicroelectronics.
  10:Core/Src/main.c ****  * All rights reserved.
  11:Core/Src/main.c ****  *
  12:Core/Src/main.c ****  * This software is licensed under terms that can be found in the LICENSE file
  13:Core/Src/main.c ****  * in the root directory of this software component.
  14:Core/Src/main.c ****  * If no LICENSE file comes with this software, it is provided AS-IS.
  15:Core/Src/main.c ****  *
  16:Core/Src/main.c ****  ******************************************************************************
  17:Core/Src/main.c ****  */
  18:Core/Src/main.c **** /* USER CODE END Header */
  19:Core/Src/main.c **** /* Includes ------------------------------------------------------------------*/
  20:Core/Src/main.c **** #include "main.h"
  21:Core/Src/main.c **** 
  22:Core/Src/main.c **** /* Private includes ----------------------------------------------------------*/
  23:Core/Src/main.c **** /* USER CODE BEGIN Includes */
  24:Core/Src/main.c **** #include "st7735.h"
  25:Core/Src/main.c **** #include "font.h"
  26:Core/Src/main.c **** /* USER CODE END Includes */
  27:Core/Src/main.c **** 
  28:Core/Src/main.c **** /* Private typedef -----------------------------------------------------------*/
  29:Core/Src/main.c **** /* USER CODE BEGIN PTD */
  30:Core/Src/main.c **** 
  31:Core/Src/main.c **** /* USER CODE END PTD */
  32:Core/Src/main.c **** 
  33:Core/Src/main.c **** /* Private define ------------------------------------------------------------*/
ARM GAS  C:\msys64\tmp\ccKa2hS8.s 			page 2


  34:Core/Src/main.c **** /* USER CODE BEGIN PD */
  35:Core/Src/main.c **** 
  36:Core/Src/main.c **** /* USER CODE END PD */
  37:Core/Src/main.c **** 
  38:Core/Src/main.c **** /* Private macro -------------------------------------------------------------*/
  39:Core/Src/main.c **** /* USER CODE BEGIN PM */
  40:Core/Src/main.c **** 
  41:Core/Src/main.c **** /* USER CODE END PM */
  42:Core/Src/main.c **** 
  43:Core/Src/main.c **** /* Private variables ---------------------------------------------------------*/
  44:Core/Src/main.c **** SPI_HandleTypeDef hspi1;
  45:Core/Src/main.c **** 
  46:Core/Src/main.c **** /* USER CODE BEGIN PV */
  47:Core/Src/main.c **** 
  48:Core/Src/main.c **** /* USER CODE END PV */
  49:Core/Src/main.c **** 
  50:Core/Src/main.c **** /* Private function prototypes -----------------------------------------------*/
  51:Core/Src/main.c **** void SystemClock_Config(void);
  52:Core/Src/main.c **** static void MX_GPIO_Init(void);
  53:Core/Src/main.c **** static void MX_SPI1_Init(void);
  54:Core/Src/main.c **** /* USER CODE BEGIN PFP */
  55:Core/Src/main.c **** 
  56:Core/Src/main.c **** /* USER CODE END PFP */
  57:Core/Src/main.c **** 
  58:Core/Src/main.c **** /* Private user code ---------------------------------------------------------*/
  59:Core/Src/main.c **** /* USER CODE BEGIN 0 */
  60:Core/Src/main.c **** 
  61:Core/Src/main.c **** /* USER CODE END 0 */
  62:Core/Src/main.c **** 
  63:Core/Src/main.c **** /**
  64:Core/Src/main.c ****  * @brief  The application entry point.
  65:Core/Src/main.c ****  * @retval int
  66:Core/Src/main.c ****  */
  67:Core/Src/main.c **** int main(void)
  68:Core/Src/main.c **** {
  69:Core/Src/main.c **** 
  70:Core/Src/main.c ****   /* USER CODE BEGIN 1 */
  71:Core/Src/main.c **** 
  72:Core/Src/main.c ****   /* USER CODE END 1 */
  73:Core/Src/main.c **** 
  74:Core/Src/main.c ****   /* MCU Configuration--------------------------------------------------------*/
  75:Core/Src/main.c **** 
  76:Core/Src/main.c ****   /* Reset of all peripherals, Initializes the Flash interface and the Systick. */
  77:Core/Src/main.c ****   HAL_Init();
  78:Core/Src/main.c **** 
  79:Core/Src/main.c ****   /* USER CODE BEGIN Init */
  80:Core/Src/main.c ****   /* USER CODE END Init */
  81:Core/Src/main.c **** 
  82:Core/Src/main.c ****   /* Configure the system clock */
  83:Core/Src/main.c ****   SystemClock_Config();
  84:Core/Src/main.c **** 
  85:Core/Src/main.c ****   /* USER CODE BEGIN SysInit */
  86:Core/Src/main.c **** 
  87:Core/Src/main.c ****   /* USER CODE END SysInit */
  88:Core/Src/main.c **** 
  89:Core/Src/main.c ****   /* Initialize all configured peripherals */
  90:Core/Src/main.c ****   MX_GPIO_Init();
ARM GAS  C:\msys64\tmp\ccKa2hS8.s 			page 3


  91:Core/Src/main.c ****   MX_SPI1_Init();
  92:Core/Src/main.c ****   /* USER CODE BEGIN 2 */
  93:Core/Src/main.c ****   uint8_t i = 0;
  94:Core/Src/main.c ****   uint8_t j = 0;
  95:Core/Src/main.c ****   ST7735_Init();
  96:Core/Src/main.c ****   /* USER CODE END 2 */
  97:Core/Src/main.c **** 
  98:Core/Src/main.c ****   /* Infinite loop */
  99:Core/Src/main.c ****   /* USER CODE BEGIN WHILE */
 100:Core/Src/main.c ****   ST7735_Select();
 101:Core/Src/main.c ****   ST7735_DrawRect(0, 0, ST7735_X_SIZE, ST7735_Y_SIZE, ST7735_COLOR_RED);
 102:Core/Src/main.c ****   ST7735_Deselect();
 103:Core/Src/main.c ****   while (1)
 104:Core/Src/main.c ****   {
 105:Core/Src/main.c ****     HAL_GPIO_WritePin(GPIOB, GPIO_PIN_5, (i & 2) ? GPIO_PIN_SET : GPIO_PIN_RESET);
 106:Core/Src/main.c ****     load_character(i);
 107:Core/Src/main.c ****     draw_loaded_character((j % 14) * 9, (j / 14) * 9, ST7735_COLOR_WHITE);
 108:Core/Src/main.c ****     i++;
 109:Core/Src/main.c ****     j++;
 110:Core/Src/main.c **** 
 111:Core/Src/main.c ****     if (i == 128 || i == 0)
 112:Core/Src/main.c ****     {
 113:Core/Src/main.c ****       j = 0;
 114:Core/Src/main.c ****       ST7735_Select();
 115:Core/Src/main.c ****       ST7735_DrawRect(0, 0, ST7735_X_SIZE, ST7735_Y_SIZE, ST7735_COLOR_RED);
 116:Core/Src/main.c ****       ST7735_Deselect();
 117:Core/Src/main.c ****     }
 118:Core/Src/main.c ****     /* USER CODE END WHILE */
 119:Core/Src/main.c **** 
 120:Core/Src/main.c ****     /* USER CODE BEGIN 3 */
 121:Core/Src/main.c ****     // ST7735_Select();
 122:Core/Src/main.c ****     // ST7735_DrawRect(0, 0, ST7735_X_SIZE, ST7735_Y_SIZE, ST7735_COLOR_RED);
 123:Core/Src/main.c ****     // ST7735_DrawRect(0, 0, ST7735_X_SIZE, ST7735_Y_SIZE, ST7735_COLOR_GREEN);
 124:Core/Src/main.c ****     // ST7735_DrawRect(0, 0, ST7735_X_SIZE, ST7735_Y_SIZE, ST7735_COLOR_BLUE);
 125:Core/Src/main.c ****     // ST7735_DrawRect(0, 0, ST7735_X_SIZE, ST7735_Y_SIZE, ST7735_COLOR_YELLOW);
 126:Core/Src/main.c ****     // ST7735_DrawRect(0, 0, ST7735_X_SIZE, ST7735_Y_SIZE, ST7735_COLOR_WHITE);
 127:Core/Src/main.c ****     // ST7735_DrawRect(0, 0, ST7735_X_SIZE, ST7735_Y_SIZE, ST7735_COLOR_BLACK);
 128:Core/Src/main.c ****     // ST7735_DrawRect(0, 0, ST7735_X_SIZE, ST7735_Y_SIZE, ST7735_COLOR_ORANGE);
 129:Core/Src/main.c ****     // ST7735_Deselect();
 130:Core/Src/main.c ****   }
 131:Core/Src/main.c ****   /* USER CODE END 3 */
 132:Core/Src/main.c **** }
 133:Core/Src/main.c **** 
 134:Core/Src/main.c **** /**
 135:Core/Src/main.c ****  * @brief System Clock Configuration
 136:Core/Src/main.c ****  * @retval None
 137:Core/Src/main.c ****  */
 138:Core/Src/main.c **** void SystemClock_Config(void)
 139:Core/Src/main.c **** {
 140:Core/Src/main.c ****   RCC_OscInitTypeDef RCC_OscInitStruct = {0};
 141:Core/Src/main.c ****   RCC_ClkInitTypeDef RCC_ClkInitStruct = {0};
 142:Core/Src/main.c **** 
 143:Core/Src/main.c ****   /** Initializes the RCC Oscillators according to the specified parameters
 144:Core/Src/main.c ****    * in the RCC_OscInitTypeDef structure.
 145:Core/Src/main.c ****    */
 146:Core/Src/main.c ****   RCC_OscInitStruct.OscillatorType = RCC_OSCILLATORTYPE_HSI;
 147:Core/Src/main.c ****   RCC_OscInitStruct.HSIState = RCC_HSI_ON;
ARM GAS  C:\msys64\tmp\ccKa2hS8.s 			page 4


 148:Core/Src/main.c ****   RCC_OscInitStruct.HSICalibrationValue = RCC_HSICALIBRATION_DEFAULT;
 149:Core/Src/main.c ****   RCC_OscInitStruct.PLL.PLLState = RCC_PLL_NONE;
 150:Core/Src/main.c ****   if (HAL_RCC_OscConfig(&RCC_OscInitStruct) != HAL_OK)
 151:Core/Src/main.c ****   {
 152:Core/Src/main.c ****     Error_Handler();
 153:Core/Src/main.c ****   }
 154:Core/Src/main.c **** 
 155:Core/Src/main.c ****   /** Initializes the CPU, AHB and APB buses clocks
 156:Core/Src/main.c ****    */
 157:Core/Src/main.c ****   RCC_ClkInitStruct.ClockType = RCC_CLOCKTYPE_HCLK | RCC_CLOCKTYPE_SYSCLK | RCC_CLOCKTYPE_PCLK1 | R
 158:Core/Src/main.c ****   RCC_ClkInitStruct.SYSCLKSource = RCC_SYSCLKSOURCE_HSI;
 159:Core/Src/main.c ****   RCC_ClkInitStruct.AHBCLKDivider = RCC_SYSCLK_DIV1;
 160:Core/Src/main.c ****   RCC_ClkInitStruct.APB1CLKDivider = RCC_HCLK_DIV1;
 161:Core/Src/main.c ****   RCC_ClkInitStruct.APB2CLKDivider = RCC_HCLK_DIV1;
 162:Core/Src/main.c **** 
 163:Core/Src/main.c ****   if (HAL_RCC_ClockConfig(&RCC_ClkInitStruct, FLASH_LATENCY_0) != HAL_OK)
 164:Core/Src/main.c ****   {
 165:Core/Src/main.c ****     Error_Handler();
 166:Core/Src/main.c ****   }
 167:Core/Src/main.c **** }
 168:Core/Src/main.c **** 
 169:Core/Src/main.c **** /**
 170:Core/Src/main.c ****  * @brief SPI1 Initialization Function
 171:Core/Src/main.c ****  * @param None
 172:Core/Src/main.c ****  * @retval None
 173:Core/Src/main.c ****  */
 174:Core/Src/main.c **** static void MX_SPI1_Init(void)
 175:Core/Src/main.c **** {
 176:Core/Src/main.c **** 
 177:Core/Src/main.c ****   /* USER CODE BEGIN SPI1_Init 0 */
 178:Core/Src/main.c **** 
 179:Core/Src/main.c ****   /* USER CODE END SPI1_Init 0 */
 180:Core/Src/main.c **** 
 181:Core/Src/main.c ****   /* USER CODE BEGIN SPI1_Init 1 */
 182:Core/Src/main.c **** 
 183:Core/Src/main.c ****   /* USER CODE END SPI1_Init 1 */
 184:Core/Src/main.c ****   /* SPI1 parameter configuration*/
 185:Core/Src/main.c ****   hspi1.Instance = SPI1;
 186:Core/Src/main.c ****   hspi1.Init.Mode = SPI_MODE_MASTER;
 187:Core/Src/main.c ****   hspi1.Init.Direction = SPI_DIRECTION_2LINES;
 188:Core/Src/main.c ****   hspi1.Init.DataSize = SPI_DATASIZE_8BIT;
 189:Core/Src/main.c ****   hspi1.Init.CLKPolarity = SPI_POLARITY_LOW;
 190:Core/Src/main.c ****   hspi1.Init.CLKPhase = SPI_PHASE_1EDGE;
 191:Core/Src/main.c ****   hspi1.Init.NSS = SPI_NSS_SOFT;
 192:Core/Src/main.c ****   hspi1.Init.BaudRatePrescaler = SPI_BAUDRATEPRESCALER_2;
 193:Core/Src/main.c ****   hspi1.Init.FirstBit = SPI_FIRSTBIT_MSB;
 194:Core/Src/main.c ****   hspi1.Init.TIMode = SPI_TIMODE_DISABLE;
 195:Core/Src/main.c ****   hspi1.Init.CRCCalculation = SPI_CRCCALCULATION_DISABLE;
 196:Core/Src/main.c ****   hspi1.Init.CRCPolynomial = 10;
 197:Core/Src/main.c ****   if (HAL_SPI_Init(&hspi1) != HAL_OK)
 198:Core/Src/main.c ****   {
 199:Core/Src/main.c ****     Error_Handler();
 200:Core/Src/main.c ****   }
 201:Core/Src/main.c ****   /* USER CODE BEGIN SPI1_Init 2 */
 202:Core/Src/main.c **** 
 203:Core/Src/main.c ****   /* USER CODE END SPI1_Init 2 */
 204:Core/Src/main.c **** }
ARM GAS  C:\msys64\tmp\ccKa2hS8.s 			page 5


 205:Core/Src/main.c **** 
 206:Core/Src/main.c **** /**
 207:Core/Src/main.c ****  * @brief GPIO Initialization Function
 208:Core/Src/main.c ****  * @param None
 209:Core/Src/main.c ****  * @retval None
 210:Core/Src/main.c ****  */
 211:Core/Src/main.c **** static void MX_GPIO_Init(void)
 212:Core/Src/main.c **** {
  26              		.loc 1 212 1 view -0
  27              		.cfi_startproc
  28              		@ args = 0, pretend = 0, frame = 24
  29              		@ frame_needed = 0, uses_anonymous_args = 0
  30 0000 2DE9F043 		push	{r4, r5, r6, r7, r8, r9, lr}
  31              	.LCFI0:
  32              		.cfi_def_cfa_offset 28
  33              		.cfi_offset 4, -28
  34              		.cfi_offset 5, -24
  35              		.cfi_offset 6, -20
  36              		.cfi_offset 7, -16
  37              		.cfi_offset 8, -12
  38              		.cfi_offset 9, -8
  39              		.cfi_offset 14, -4
  40 0004 87B0     		sub	sp, sp, #28
  41              	.LCFI1:
  42              		.cfi_def_cfa_offset 56
 213:Core/Src/main.c ****   GPIO_InitTypeDef GPIO_InitStruct = {0};
  43              		.loc 1 213 3 view .LVU1
  44              		.loc 1 213 20 is_stmt 0 view .LVU2
  45 0006 02AD     		add	r5, sp, #8
  46 0008 0024     		movs	r4, #0
  47 000a 0294     		str	r4, [sp, #8]
  48 000c 0394     		str	r4, [sp, #12]
  49 000e 0494     		str	r4, [sp, #16]
  50 0010 0594     		str	r4, [sp, #20]
 214:Core/Src/main.c ****   /* USER CODE BEGIN MX_GPIO_Init_1 */
 215:Core/Src/main.c **** 
 216:Core/Src/main.c ****   /* USER CODE END MX_GPIO_Init_1 */
 217:Core/Src/main.c **** 
 218:Core/Src/main.c ****   /* GPIO Ports Clock Enable */
 219:Core/Src/main.c ****   __HAL_RCC_GPIOA_CLK_ENABLE();
  51              		.loc 1 219 3 is_stmt 1 view .LVU3
  52              	.LBB4:
  53              		.loc 1 219 3 view .LVU4
  54              		.loc 1 219 3 view .LVU5
  55 0012 2B4B     		ldr	r3, .L3
  56 0014 9A69     		ldr	r2, [r3, #24]
  57 0016 42F00402 		orr	r2, r2, #4
  58 001a 9A61     		str	r2, [r3, #24]
  59              		.loc 1 219 3 view .LVU6
  60 001c 9A69     		ldr	r2, [r3, #24]
  61 001e 02F00402 		and	r2, r2, #4
  62 0022 0092     		str	r2, [sp]
  63              		.loc 1 219 3 view .LVU7
  64 0024 009A     		ldr	r2, [sp]
  65              	.LBE4:
  66              		.loc 1 219 3 view .LVU8
 220:Core/Src/main.c ****   __HAL_RCC_GPIOB_CLK_ENABLE();
ARM GAS  C:\msys64\tmp\ccKa2hS8.s 			page 6


  67              		.loc 1 220 3 view .LVU9
  68              	.LBB5:
  69              		.loc 1 220 3 view .LVU10
  70              		.loc 1 220 3 view .LVU11
  71 0026 9A69     		ldr	r2, [r3, #24]
  72 0028 42F00802 		orr	r2, r2, #8
  73 002c 9A61     		str	r2, [r3, #24]
  74              		.loc 1 220 3 view .LVU12
  75 002e 9B69     		ldr	r3, [r3, #24]
  76 0030 03F00803 		and	r3, r3, #8
  77 0034 0193     		str	r3, [sp, #4]
  78              		.loc 1 220 3 view .LVU13
  79 0036 019B     		ldr	r3, [sp, #4]
  80              	.LBE5:
  81              		.loc 1 220 3 view .LVU14
 221:Core/Src/main.c **** 
 222:Core/Src/main.c ****   /*Configure GPIO pin Output Level */
 223:Core/Src/main.c ****   HAL_GPIO_WritePin(GPIOA, GPIO_PIN_3 | GPIO_PIN_4 | GPIO_PIN_6, GPIO_PIN_RESET);
  82              		.loc 1 223 3 view .LVU15
  83 0038 DFF88890 		ldr	r9, .L3+4
  84 003c 2246     		mov	r2, r4
  85 003e 5821     		movs	r1, #88
  86 0040 4846     		mov	r0, r9
  87 0042 FFF7FEFF 		bl	HAL_GPIO_WritePin
  88              	.LVL0:
 224:Core/Src/main.c **** 
 225:Core/Src/main.c ****   /*Configure GPIO pin Output Level */
 226:Core/Src/main.c ****   HAL_GPIO_WritePin(GPIOB, GPIO_PIN_5, GPIO_PIN_RESET);
  89              		.loc 1 226 3 view .LVU16
  90 0046 204E     		ldr	r6, .L3+8
  91 0048 2246     		mov	r2, r4
  92 004a 2021     		movs	r1, #32
  93 004c 3046     		mov	r0, r6
  94 004e FFF7FEFF 		bl	HAL_GPIO_WritePin
  95              	.LVL1:
 227:Core/Src/main.c **** 
 228:Core/Src/main.c ****   /*Configure GPIO pins : PA3 PA4 PA6 */
 229:Core/Src/main.c ****   GPIO_InitStruct.Pin = GPIO_PIN_3 | GPIO_PIN_4 | GPIO_PIN_6;
  96              		.loc 1 229 3 view .LVU17
  97              		.loc 1 229 23 is_stmt 0 view .LVU18
  98 0052 5823     		movs	r3, #88
  99 0054 0293     		str	r3, [sp, #8]
 230:Core/Src/main.c ****   GPIO_InitStruct.Mode = GPIO_MODE_OUTPUT_PP;
 100              		.loc 1 230 3 is_stmt 1 view .LVU19
 101              		.loc 1 230 24 is_stmt 0 view .LVU20
 102 0056 4FF00108 		mov	r8, #1
 103 005a CDF80C80 		str	r8, [sp, #12]
 231:Core/Src/main.c ****   GPIO_InitStruct.Pull = GPIO_NOPULL;
 104              		.loc 1 231 3 is_stmt 1 view .LVU21
 105              		.loc 1 231 24 is_stmt 0 view .LVU22
 106 005e 0494     		str	r4, [sp, #16]
 232:Core/Src/main.c ****   GPIO_InitStruct.Speed = GPIO_SPEED_FREQ_LOW;
 107              		.loc 1 232 3 is_stmt 1 view .LVU23
 108              		.loc 1 232 25 is_stmt 0 view .LVU24
 109 0060 0227     		movs	r7, #2
 110 0062 0597     		str	r7, [sp, #20]
 233:Core/Src/main.c ****   HAL_GPIO_Init(GPIOA, &GPIO_InitStruct);
ARM GAS  C:\msys64\tmp\ccKa2hS8.s 			page 7


 111              		.loc 1 233 3 is_stmt 1 view .LVU25
 112 0064 2946     		mov	r1, r5
 113 0066 4846     		mov	r0, r9
 114 0068 FFF7FEFF 		bl	HAL_GPIO_Init
 115              	.LVL2:
 234:Core/Src/main.c **** 
 235:Core/Src/main.c ****   /*Configure GPIO pins : PB10 PB11 */
 236:Core/Src/main.c ****   GPIO_InitStruct.Pin = GPIO_PIN_10 | GPIO_PIN_11;
 116              		.loc 1 236 3 view .LVU26
 117              		.loc 1 236 23 is_stmt 0 view .LVU27
 118 006c 4FF44063 		mov	r3, #3072
 119 0070 0293     		str	r3, [sp, #8]
 237:Core/Src/main.c ****   GPIO_InitStruct.Mode = GPIO_MODE_AF_OD;
 120              		.loc 1 237 3 is_stmt 1 view .LVU28
 121              		.loc 1 237 24 is_stmt 0 view .LVU29
 122 0072 1223     		movs	r3, #18
 123 0074 0393     		str	r3, [sp, #12]
 238:Core/Src/main.c ****   GPIO_InitStruct.Speed = GPIO_SPEED_FREQ_HIGH;
 124              		.loc 1 238 3 is_stmt 1 view .LVU30
 125              		.loc 1 238 25 is_stmt 0 view .LVU31
 126 0076 0323     		movs	r3, #3
 127 0078 0593     		str	r3, [sp, #20]
 239:Core/Src/main.c ****   HAL_GPIO_Init(GPIOB, &GPIO_InitStruct);
 128              		.loc 1 239 3 is_stmt 1 view .LVU32
 129 007a 2946     		mov	r1, r5
 130 007c 3046     		mov	r0, r6
 131 007e FFF7FEFF 		bl	HAL_GPIO_Init
 132              	.LVL3:
 240:Core/Src/main.c **** 
 241:Core/Src/main.c ****   /*Configure GPIO pin : PB14 */
 242:Core/Src/main.c ****   GPIO_InitStruct.Pin = GPIO_PIN_14;
 133              		.loc 1 242 3 view .LVU33
 134              		.loc 1 242 23 is_stmt 0 view .LVU34
 135 0082 4FF48043 		mov	r3, #16384
 136 0086 0293     		str	r3, [sp, #8]
 243:Core/Src/main.c ****   GPIO_InitStruct.Mode = GPIO_MODE_IT_RISING;
 137              		.loc 1 243 3 is_stmt 1 view .LVU35
 138              		.loc 1 243 24 is_stmt 0 view .LVU36
 139 0088 104B     		ldr	r3, .L3+12
 140 008a 0393     		str	r3, [sp, #12]
 244:Core/Src/main.c ****   GPIO_InitStruct.Pull = GPIO_NOPULL;
 141              		.loc 1 244 3 is_stmt 1 view .LVU37
 142              		.loc 1 244 24 is_stmt 0 view .LVU38
 143 008c 0494     		str	r4, [sp, #16]
 245:Core/Src/main.c ****   HAL_GPIO_Init(GPIOB, &GPIO_InitStruct);
 144              		.loc 1 245 3 is_stmt 1 view .LVU39
 145 008e 2946     		mov	r1, r5
 146 0090 3046     		mov	r0, r6
 147 0092 FFF7FEFF 		bl	HAL_GPIO_Init
 148              	.LVL4:
 246:Core/Src/main.c **** 
 247:Core/Src/main.c ****   /*Configure GPIO pin : PB5 */
 248:Core/Src/main.c ****   GPIO_InitStruct.Pin = GPIO_PIN_5;
 149              		.loc 1 248 3 view .LVU40
 150              		.loc 1 248 23 is_stmt 0 view .LVU41
 151 0096 2023     		movs	r3, #32
 152 0098 0293     		str	r3, [sp, #8]
ARM GAS  C:\msys64\tmp\ccKa2hS8.s 			page 8


 249:Core/Src/main.c ****   GPIO_InitStruct.Mode = GPIO_MODE_OUTPUT_PP;
 153              		.loc 1 249 3 is_stmt 1 view .LVU42
 154              		.loc 1 249 24 is_stmt 0 view .LVU43
 155 009a CDF80C80 		str	r8, [sp, #12]
 250:Core/Src/main.c ****   GPIO_InitStruct.Pull = GPIO_NOPULL;
 156              		.loc 1 250 3 is_stmt 1 view .LVU44
 157              		.loc 1 250 24 is_stmt 0 view .LVU45
 158 009e 0494     		str	r4, [sp, #16]
 251:Core/Src/main.c ****   GPIO_InitStruct.Speed = GPIO_SPEED_FREQ_LOW;
 159              		.loc 1 251 3 is_stmt 1 view .LVU46
 160              		.loc 1 251 25 is_stmt 0 view .LVU47
 161 00a0 0597     		str	r7, [sp, #20]
 252:Core/Src/main.c ****   HAL_GPIO_Init(GPIOB, &GPIO_InitStruct);
 162              		.loc 1 252 3 is_stmt 1 view .LVU48
 163 00a2 2946     		mov	r1, r5
 164 00a4 3046     		mov	r0, r6
 165 00a6 FFF7FEFF 		bl	HAL_GPIO_Init
 166              	.LVL5:
 253:Core/Src/main.c **** 
 254:Core/Src/main.c ****   /* EXTI interrupt init*/
 255:Core/Src/main.c ****   HAL_NVIC_SetPriority(EXTI15_10_IRQn, 0, 0);
 167              		.loc 1 255 3 view .LVU49
 168 00aa 2246     		mov	r2, r4
 169 00ac 2146     		mov	r1, r4
 170 00ae 2820     		movs	r0, #40
 171 00b0 FFF7FEFF 		bl	HAL_NVIC_SetPriority
 172              	.LVL6:
 256:Core/Src/main.c ****   HAL_NVIC_EnableIRQ(EXTI15_10_IRQn);
 173              		.loc 1 256 3 view .LVU50
 174 00b4 2820     		movs	r0, #40
 175 00b6 FFF7FEFF 		bl	HAL_NVIC_EnableIRQ
 176              	.LVL7:
 257:Core/Src/main.c **** 
 258:Core/Src/main.c ****   /* USER CODE BEGIN MX_GPIO_Init_2 */
 259:Core/Src/main.c **** 
 260:Core/Src/main.c ****   /* USER CODE END MX_GPIO_Init_2 */
 261:Core/Src/main.c **** }
 177              		.loc 1 261 1 is_stmt 0 view .LVU51
 178 00ba 07B0     		add	sp, sp, #28
 179              	.LCFI2:
 180              		.cfi_def_cfa_offset 28
 181              		@ sp needed
 182 00bc BDE8F083 		pop	{r4, r5, r6, r7, r8, r9, pc}
 183              	.L4:
 184              		.align	2
 185              	.L3:
 186 00c0 00100240 		.word	1073876992
 187 00c4 00080140 		.word	1073809408
 188 00c8 000C0140 		.word	1073810432
 189 00cc 00001110 		.word	269549568
 190              		.cfi_endproc
 191              	.LFE68:
 193              		.section	.text.Error_Handler,"ax",%progbits
 194              		.align	1
 195              		.global	Error_Handler
 196              		.syntax unified
 197              		.thumb
ARM GAS  C:\msys64\tmp\ccKa2hS8.s 			page 9


 198              		.thumb_func
 200              	Error_Handler:
 201              	.LFB69:
 262:Core/Src/main.c **** 
 263:Core/Src/main.c **** /* USER CODE BEGIN 4 */
 264:Core/Src/main.c **** 
 265:Core/Src/main.c **** /* USER CODE END 4 */
 266:Core/Src/main.c **** 
 267:Core/Src/main.c **** /**
 268:Core/Src/main.c ****  * @brief  This function is executed in case of error occurrence.
 269:Core/Src/main.c ****  * @retval None
 270:Core/Src/main.c ****  */
 271:Core/Src/main.c **** void Error_Handler(void)
 272:Core/Src/main.c **** {
 202              		.loc 1 272 1 is_stmt 1 view -0
 203              		.cfi_startproc
 204              		@ Volatile: function does not return.
 205              		@ args = 0, pretend = 0, frame = 0
 206              		@ frame_needed = 0, uses_anonymous_args = 0
 207              		@ link register save eliminated.
 273:Core/Src/main.c ****   /* USER CODE BEGIN Error_Handler_Debug */
 274:Core/Src/main.c ****   /* User can add his own implementation to report the HAL error return state */
 275:Core/Src/main.c ****   __disable_irq();
 208              		.loc 1 275 3 view .LVU53
 209              	.LBB6:
 210              	.LBI6:
 211              		.file 2 "Drivers/CMSIS/Include/cmsis_gcc.h"
   1:Drivers/CMSIS/Include/cmsis_gcc.h **** /**************************************************************************//**
   2:Drivers/CMSIS/Include/cmsis_gcc.h ****  * @file     cmsis_gcc.h
   3:Drivers/CMSIS/Include/cmsis_gcc.h ****  * @brief    CMSIS compiler GCC header file
   4:Drivers/CMSIS/Include/cmsis_gcc.h ****  * @version  V5.0.4
   5:Drivers/CMSIS/Include/cmsis_gcc.h ****  * @date     09. April 2018
   6:Drivers/CMSIS/Include/cmsis_gcc.h ****  ******************************************************************************/
   7:Drivers/CMSIS/Include/cmsis_gcc.h **** /*
   8:Drivers/CMSIS/Include/cmsis_gcc.h ****  * Copyright (c) 2009-2018 Arm Limited. All rights reserved.
   9:Drivers/CMSIS/Include/cmsis_gcc.h ****  *
  10:Drivers/CMSIS/Include/cmsis_gcc.h ****  * SPDX-License-Identifier: Apache-2.0
  11:Drivers/CMSIS/Include/cmsis_gcc.h ****  *
  12:Drivers/CMSIS/Include/cmsis_gcc.h ****  * Licensed under the Apache License, Version 2.0 (the License); you may
  13:Drivers/CMSIS/Include/cmsis_gcc.h ****  * not use this file except in compliance with the License.
  14:Drivers/CMSIS/Include/cmsis_gcc.h ****  * You may obtain a copy of the License at
  15:Drivers/CMSIS/Include/cmsis_gcc.h ****  *
  16:Drivers/CMSIS/Include/cmsis_gcc.h ****  * www.apache.org/licenses/LICENSE-2.0
  17:Drivers/CMSIS/Include/cmsis_gcc.h ****  *
  18:Drivers/CMSIS/Include/cmsis_gcc.h ****  * Unless required by applicable law or agreed to in writing, software
  19:Drivers/CMSIS/Include/cmsis_gcc.h ****  * distributed under the License is distributed on an AS IS BASIS, WITHOUT
  20:Drivers/CMSIS/Include/cmsis_gcc.h ****  * WARRANTIES OR CONDITIONS OF ANY KIND, either express or implied.
  21:Drivers/CMSIS/Include/cmsis_gcc.h ****  * See the License for the specific language governing permissions and
  22:Drivers/CMSIS/Include/cmsis_gcc.h ****  * limitations under the License.
  23:Drivers/CMSIS/Include/cmsis_gcc.h ****  */
  24:Drivers/CMSIS/Include/cmsis_gcc.h **** 
  25:Drivers/CMSIS/Include/cmsis_gcc.h **** #ifndef __CMSIS_GCC_H
  26:Drivers/CMSIS/Include/cmsis_gcc.h **** #define __CMSIS_GCC_H
  27:Drivers/CMSIS/Include/cmsis_gcc.h **** 
  28:Drivers/CMSIS/Include/cmsis_gcc.h **** /* ignore some GCC warnings */
  29:Drivers/CMSIS/Include/cmsis_gcc.h **** #pragma GCC diagnostic push
  30:Drivers/CMSIS/Include/cmsis_gcc.h **** #pragma GCC diagnostic ignored "-Wsign-conversion"
ARM GAS  C:\msys64\tmp\ccKa2hS8.s 			page 10


  31:Drivers/CMSIS/Include/cmsis_gcc.h **** #pragma GCC diagnostic ignored "-Wconversion"
  32:Drivers/CMSIS/Include/cmsis_gcc.h **** #pragma GCC diagnostic ignored "-Wunused-parameter"
  33:Drivers/CMSIS/Include/cmsis_gcc.h **** 
  34:Drivers/CMSIS/Include/cmsis_gcc.h **** /* Fallback for __has_builtin */
  35:Drivers/CMSIS/Include/cmsis_gcc.h **** #ifndef __has_builtin
  36:Drivers/CMSIS/Include/cmsis_gcc.h ****   #define __has_builtin(x) (0)
  37:Drivers/CMSIS/Include/cmsis_gcc.h **** #endif
  38:Drivers/CMSIS/Include/cmsis_gcc.h **** 
  39:Drivers/CMSIS/Include/cmsis_gcc.h **** /* CMSIS compiler specific defines */
  40:Drivers/CMSIS/Include/cmsis_gcc.h **** #ifndef   __ASM
  41:Drivers/CMSIS/Include/cmsis_gcc.h ****   #define __ASM                                  __asm
  42:Drivers/CMSIS/Include/cmsis_gcc.h **** #endif
  43:Drivers/CMSIS/Include/cmsis_gcc.h **** #ifndef   __INLINE
  44:Drivers/CMSIS/Include/cmsis_gcc.h ****   #define __INLINE                               inline
  45:Drivers/CMSIS/Include/cmsis_gcc.h **** #endif
  46:Drivers/CMSIS/Include/cmsis_gcc.h **** #ifndef   __STATIC_INLINE
  47:Drivers/CMSIS/Include/cmsis_gcc.h ****   #define __STATIC_INLINE                        static inline
  48:Drivers/CMSIS/Include/cmsis_gcc.h **** #endif
  49:Drivers/CMSIS/Include/cmsis_gcc.h **** #ifndef   __STATIC_FORCEINLINE                 
  50:Drivers/CMSIS/Include/cmsis_gcc.h ****   #define __STATIC_FORCEINLINE                   __attribute__((always_inline)) static inline
  51:Drivers/CMSIS/Include/cmsis_gcc.h **** #endif                                           
  52:Drivers/CMSIS/Include/cmsis_gcc.h **** #ifndef   __NO_RETURN
  53:Drivers/CMSIS/Include/cmsis_gcc.h ****   #define __NO_RETURN                            __attribute__((__noreturn__))
  54:Drivers/CMSIS/Include/cmsis_gcc.h **** #endif
  55:Drivers/CMSIS/Include/cmsis_gcc.h **** #ifndef   __USED
  56:Drivers/CMSIS/Include/cmsis_gcc.h ****   #define __USED                                 __attribute__((used))
  57:Drivers/CMSIS/Include/cmsis_gcc.h **** #endif
  58:Drivers/CMSIS/Include/cmsis_gcc.h **** #ifndef   __WEAK
  59:Drivers/CMSIS/Include/cmsis_gcc.h ****   #define __WEAK                                 __attribute__((weak))
  60:Drivers/CMSIS/Include/cmsis_gcc.h **** #endif
  61:Drivers/CMSIS/Include/cmsis_gcc.h **** #ifndef   __PACKED
  62:Drivers/CMSIS/Include/cmsis_gcc.h ****   #define __PACKED                               __attribute__((packed, aligned(1)))
  63:Drivers/CMSIS/Include/cmsis_gcc.h **** #endif
  64:Drivers/CMSIS/Include/cmsis_gcc.h **** #ifndef   __PACKED_STRUCT
  65:Drivers/CMSIS/Include/cmsis_gcc.h ****   #define __PACKED_STRUCT                        struct __attribute__((packed, aligned(1)))
  66:Drivers/CMSIS/Include/cmsis_gcc.h **** #endif
  67:Drivers/CMSIS/Include/cmsis_gcc.h **** #ifndef   __PACKED_UNION
  68:Drivers/CMSIS/Include/cmsis_gcc.h ****   #define __PACKED_UNION                         union __attribute__((packed, aligned(1)))
  69:Drivers/CMSIS/Include/cmsis_gcc.h **** #endif
  70:Drivers/CMSIS/Include/cmsis_gcc.h **** #ifndef   __UNALIGNED_UINT32        /* deprecated */
  71:Drivers/CMSIS/Include/cmsis_gcc.h ****   #pragma GCC diagnostic push
  72:Drivers/CMSIS/Include/cmsis_gcc.h ****   #pragma GCC diagnostic ignored "-Wpacked"
  73:Drivers/CMSIS/Include/cmsis_gcc.h ****   #pragma GCC diagnostic ignored "-Wattributes"
  74:Drivers/CMSIS/Include/cmsis_gcc.h ****   struct __attribute__((packed)) T_UINT32 { uint32_t v; };
  75:Drivers/CMSIS/Include/cmsis_gcc.h ****   #pragma GCC diagnostic pop
  76:Drivers/CMSIS/Include/cmsis_gcc.h ****   #define __UNALIGNED_UINT32(x)                  (((struct T_UINT32 *)(x))->v)
  77:Drivers/CMSIS/Include/cmsis_gcc.h **** #endif
  78:Drivers/CMSIS/Include/cmsis_gcc.h **** #ifndef   __UNALIGNED_UINT16_WRITE
  79:Drivers/CMSIS/Include/cmsis_gcc.h ****   #pragma GCC diagnostic push
  80:Drivers/CMSIS/Include/cmsis_gcc.h ****   #pragma GCC diagnostic ignored "-Wpacked"
  81:Drivers/CMSIS/Include/cmsis_gcc.h ****   #pragma GCC diagnostic ignored "-Wattributes"
  82:Drivers/CMSIS/Include/cmsis_gcc.h ****   __PACKED_STRUCT T_UINT16_WRITE { uint16_t v; };
  83:Drivers/CMSIS/Include/cmsis_gcc.h ****   #pragma GCC diagnostic pop
  84:Drivers/CMSIS/Include/cmsis_gcc.h ****   #define __UNALIGNED_UINT16_WRITE(addr, val)    (void)((((struct T_UINT16_WRITE *)(void *)(addr))-
  85:Drivers/CMSIS/Include/cmsis_gcc.h **** #endif
  86:Drivers/CMSIS/Include/cmsis_gcc.h **** #ifndef   __UNALIGNED_UINT16_READ
  87:Drivers/CMSIS/Include/cmsis_gcc.h ****   #pragma GCC diagnostic push
ARM GAS  C:\msys64\tmp\ccKa2hS8.s 			page 11


  88:Drivers/CMSIS/Include/cmsis_gcc.h ****   #pragma GCC diagnostic ignored "-Wpacked"
  89:Drivers/CMSIS/Include/cmsis_gcc.h ****   #pragma GCC diagnostic ignored "-Wattributes"
  90:Drivers/CMSIS/Include/cmsis_gcc.h ****   __PACKED_STRUCT T_UINT16_READ { uint16_t v; };
  91:Drivers/CMSIS/Include/cmsis_gcc.h ****   #pragma GCC diagnostic pop
  92:Drivers/CMSIS/Include/cmsis_gcc.h ****   #define __UNALIGNED_UINT16_READ(addr)          (((const struct T_UINT16_READ *)(const void *)(add
  93:Drivers/CMSIS/Include/cmsis_gcc.h **** #endif
  94:Drivers/CMSIS/Include/cmsis_gcc.h **** #ifndef   __UNALIGNED_UINT32_WRITE
  95:Drivers/CMSIS/Include/cmsis_gcc.h ****   #pragma GCC diagnostic push
  96:Drivers/CMSIS/Include/cmsis_gcc.h ****   #pragma GCC diagnostic ignored "-Wpacked"
  97:Drivers/CMSIS/Include/cmsis_gcc.h ****   #pragma GCC diagnostic ignored "-Wattributes"
  98:Drivers/CMSIS/Include/cmsis_gcc.h ****   __PACKED_STRUCT T_UINT32_WRITE { uint32_t v; };
  99:Drivers/CMSIS/Include/cmsis_gcc.h ****   #pragma GCC diagnostic pop
 100:Drivers/CMSIS/Include/cmsis_gcc.h ****   #define __UNALIGNED_UINT32_WRITE(addr, val)    (void)((((struct T_UINT32_WRITE *)(void *)(addr))-
 101:Drivers/CMSIS/Include/cmsis_gcc.h **** #endif
 102:Drivers/CMSIS/Include/cmsis_gcc.h **** #ifndef   __UNALIGNED_UINT32_READ
 103:Drivers/CMSIS/Include/cmsis_gcc.h ****   #pragma GCC diagnostic push
 104:Drivers/CMSIS/Include/cmsis_gcc.h ****   #pragma GCC diagnostic ignored "-Wpacked"
 105:Drivers/CMSIS/Include/cmsis_gcc.h ****   #pragma GCC diagnostic ignored "-Wattributes"
 106:Drivers/CMSIS/Include/cmsis_gcc.h ****   __PACKED_STRUCT T_UINT32_READ { uint32_t v; };
 107:Drivers/CMSIS/Include/cmsis_gcc.h ****   #pragma GCC diagnostic pop
 108:Drivers/CMSIS/Include/cmsis_gcc.h ****   #define __UNALIGNED_UINT32_READ(addr)          (((const struct T_UINT32_READ *)(const void *)(add
 109:Drivers/CMSIS/Include/cmsis_gcc.h **** #endif
 110:Drivers/CMSIS/Include/cmsis_gcc.h **** #ifndef   __ALIGNED
 111:Drivers/CMSIS/Include/cmsis_gcc.h ****   #define __ALIGNED(x)                           __attribute__((aligned(x)))
 112:Drivers/CMSIS/Include/cmsis_gcc.h **** #endif
 113:Drivers/CMSIS/Include/cmsis_gcc.h **** #ifndef   __RESTRICT
 114:Drivers/CMSIS/Include/cmsis_gcc.h ****   #define __RESTRICT                             __restrict
 115:Drivers/CMSIS/Include/cmsis_gcc.h **** #endif
 116:Drivers/CMSIS/Include/cmsis_gcc.h **** 
 117:Drivers/CMSIS/Include/cmsis_gcc.h **** 
 118:Drivers/CMSIS/Include/cmsis_gcc.h **** /* ###########################  Core Function Access  ########################### */
 119:Drivers/CMSIS/Include/cmsis_gcc.h **** /** \ingroup  CMSIS_Core_FunctionInterface
 120:Drivers/CMSIS/Include/cmsis_gcc.h ****     \defgroup CMSIS_Core_RegAccFunctions CMSIS Core Register Access Functions
 121:Drivers/CMSIS/Include/cmsis_gcc.h ****   @{
 122:Drivers/CMSIS/Include/cmsis_gcc.h ****  */
 123:Drivers/CMSIS/Include/cmsis_gcc.h **** 
 124:Drivers/CMSIS/Include/cmsis_gcc.h **** /**
 125:Drivers/CMSIS/Include/cmsis_gcc.h ****   \brief   Enable IRQ Interrupts
 126:Drivers/CMSIS/Include/cmsis_gcc.h ****   \details Enables IRQ interrupts by clearing the I-bit in the CPSR.
 127:Drivers/CMSIS/Include/cmsis_gcc.h ****            Can only be executed in Privileged modes.
 128:Drivers/CMSIS/Include/cmsis_gcc.h ****  */
 129:Drivers/CMSIS/Include/cmsis_gcc.h **** __STATIC_FORCEINLINE void __enable_irq(void)
 130:Drivers/CMSIS/Include/cmsis_gcc.h **** {
 131:Drivers/CMSIS/Include/cmsis_gcc.h ****   __ASM volatile ("cpsie i" : : : "memory");
 132:Drivers/CMSIS/Include/cmsis_gcc.h **** }
 133:Drivers/CMSIS/Include/cmsis_gcc.h **** 
 134:Drivers/CMSIS/Include/cmsis_gcc.h **** 
 135:Drivers/CMSIS/Include/cmsis_gcc.h **** /**
 136:Drivers/CMSIS/Include/cmsis_gcc.h ****   \brief   Disable IRQ Interrupts
 137:Drivers/CMSIS/Include/cmsis_gcc.h ****   \details Disables IRQ interrupts by setting the I-bit in the CPSR.
 138:Drivers/CMSIS/Include/cmsis_gcc.h ****            Can only be executed in Privileged modes.
 139:Drivers/CMSIS/Include/cmsis_gcc.h ****  */
 140:Drivers/CMSIS/Include/cmsis_gcc.h **** __STATIC_FORCEINLINE void __disable_irq(void)
 212              		.loc 2 140 27 view .LVU54
 213              	.LBB7:
 141:Drivers/CMSIS/Include/cmsis_gcc.h **** {
 142:Drivers/CMSIS/Include/cmsis_gcc.h ****   __ASM volatile ("cpsid i" : : : "memory");
ARM GAS  C:\msys64\tmp\ccKa2hS8.s 			page 12


 214              		.loc 2 142 3 view .LVU55
 215              		.syntax unified
 216              	@ 142 "Drivers/CMSIS/Include/cmsis_gcc.h" 1
 217 0000 72B6     		cpsid i
 218              	@ 0 "" 2
 219              		.thumb
 220              		.syntax unified
 221              	.L6:
 222              	.LBE7:
 223              	.LBE6:
 276:Core/Src/main.c ****   while (1)
 224              		.loc 1 276 3 view .LVU56
 277:Core/Src/main.c ****   {
 278:Core/Src/main.c ****   }
 225              		.loc 1 278 3 view .LVU57
 276:Core/Src/main.c ****   while (1)
 226              		.loc 1 276 9 view .LVU58
 227 0002 FEE7     		b	.L6
 228              		.cfi_endproc
 229              	.LFE69:
 231              		.section	.text.MX_SPI1_Init,"ax",%progbits
 232              		.align	1
 233              		.syntax unified
 234              		.thumb
 235              		.thumb_func
 237              	MX_SPI1_Init:
 238              	.LFB67:
 175:Core/Src/main.c **** 
 239              		.loc 1 175 1 view -0
 240              		.cfi_startproc
 241              		@ args = 0, pretend = 0, frame = 0
 242              		@ frame_needed = 0, uses_anonymous_args = 0
 243 0000 08B5     		push	{r3, lr}
 244              	.LCFI3:
 245              		.cfi_def_cfa_offset 8
 246              		.cfi_offset 3, -8
 247              		.cfi_offset 14, -4
 185:Core/Src/main.c ****   hspi1.Init.Mode = SPI_MODE_MASTER;
 248              		.loc 1 185 3 view .LVU60
 185:Core/Src/main.c ****   hspi1.Init.Mode = SPI_MODE_MASTER;
 249              		.loc 1 185 18 is_stmt 0 view .LVU61
 250 0002 0D48     		ldr	r0, .L11
 251 0004 0D4B     		ldr	r3, .L11+4
 252 0006 0360     		str	r3, [r0]
 186:Core/Src/main.c ****   hspi1.Init.Direction = SPI_DIRECTION_2LINES;
 253              		.loc 1 186 3 is_stmt 1 view .LVU62
 186:Core/Src/main.c ****   hspi1.Init.Direction = SPI_DIRECTION_2LINES;
 254              		.loc 1 186 19 is_stmt 0 view .LVU63
 255 0008 4FF48273 		mov	r3, #260
 256 000c 4360     		str	r3, [r0, #4]
 187:Core/Src/main.c ****   hspi1.Init.DataSize = SPI_DATASIZE_8BIT;
 257              		.loc 1 187 3 is_stmt 1 view .LVU64
 187:Core/Src/main.c ****   hspi1.Init.DataSize = SPI_DATASIZE_8BIT;
 258              		.loc 1 187 24 is_stmt 0 view .LVU65
 259 000e 0023     		movs	r3, #0
 260 0010 8360     		str	r3, [r0, #8]
 188:Core/Src/main.c ****   hspi1.Init.CLKPolarity = SPI_POLARITY_LOW;
ARM GAS  C:\msys64\tmp\ccKa2hS8.s 			page 13


 261              		.loc 1 188 3 is_stmt 1 view .LVU66
 188:Core/Src/main.c ****   hspi1.Init.CLKPolarity = SPI_POLARITY_LOW;
 262              		.loc 1 188 23 is_stmt 0 view .LVU67
 263 0012 C360     		str	r3, [r0, #12]
 189:Core/Src/main.c ****   hspi1.Init.CLKPhase = SPI_PHASE_1EDGE;
 264              		.loc 1 189 3 is_stmt 1 view .LVU68
 189:Core/Src/main.c ****   hspi1.Init.CLKPhase = SPI_PHASE_1EDGE;
 265              		.loc 1 189 26 is_stmt 0 view .LVU69
 266 0014 0361     		str	r3, [r0, #16]
 190:Core/Src/main.c ****   hspi1.Init.NSS = SPI_NSS_SOFT;
 267              		.loc 1 190 3 is_stmt 1 view .LVU70
 190:Core/Src/main.c ****   hspi1.Init.NSS = SPI_NSS_SOFT;
 268              		.loc 1 190 23 is_stmt 0 view .LVU71
 269 0016 4361     		str	r3, [r0, #20]
 191:Core/Src/main.c ****   hspi1.Init.BaudRatePrescaler = SPI_BAUDRATEPRESCALER_2;
 270              		.loc 1 191 3 is_stmt 1 view .LVU72
 191:Core/Src/main.c ****   hspi1.Init.BaudRatePrescaler = SPI_BAUDRATEPRESCALER_2;
 271              		.loc 1 191 18 is_stmt 0 view .LVU73
 272 0018 4FF40072 		mov	r2, #512
 273 001c 8261     		str	r2, [r0, #24]
 192:Core/Src/main.c ****   hspi1.Init.FirstBit = SPI_FIRSTBIT_MSB;
 274              		.loc 1 192 3 is_stmt 1 view .LVU74
 192:Core/Src/main.c ****   hspi1.Init.FirstBit = SPI_FIRSTBIT_MSB;
 275              		.loc 1 192 32 is_stmt 0 view .LVU75
 276 001e C361     		str	r3, [r0, #28]
 193:Core/Src/main.c ****   hspi1.Init.TIMode = SPI_TIMODE_DISABLE;
 277              		.loc 1 193 3 is_stmt 1 view .LVU76
 193:Core/Src/main.c ****   hspi1.Init.TIMode = SPI_TIMODE_DISABLE;
 278              		.loc 1 193 23 is_stmt 0 view .LVU77
 279 0020 0362     		str	r3, [r0, #32]
 194:Core/Src/main.c ****   hspi1.Init.CRCCalculation = SPI_CRCCALCULATION_DISABLE;
 280              		.loc 1 194 3 is_stmt 1 view .LVU78
 194:Core/Src/main.c ****   hspi1.Init.CRCCalculation = SPI_CRCCALCULATION_DISABLE;
 281              		.loc 1 194 21 is_stmt 0 view .LVU79
 282 0022 4362     		str	r3, [r0, #36]
 195:Core/Src/main.c ****   hspi1.Init.CRCPolynomial = 10;
 283              		.loc 1 195 3 is_stmt 1 view .LVU80
 195:Core/Src/main.c ****   hspi1.Init.CRCPolynomial = 10;
 284              		.loc 1 195 29 is_stmt 0 view .LVU81
 285 0024 8362     		str	r3, [r0, #40]
 196:Core/Src/main.c ****   if (HAL_SPI_Init(&hspi1) != HAL_OK)
 286              		.loc 1 196 3 is_stmt 1 view .LVU82
 196:Core/Src/main.c ****   if (HAL_SPI_Init(&hspi1) != HAL_OK)
 287              		.loc 1 196 28 is_stmt 0 view .LVU83
 288 0026 0A23     		movs	r3, #10
 289 0028 C362     		str	r3, [r0, #44]
 197:Core/Src/main.c ****   {
 290              		.loc 1 197 3 is_stmt 1 view .LVU84
 197:Core/Src/main.c ****   {
 291              		.loc 1 197 7 is_stmt 0 view .LVU85
 292 002a FFF7FEFF 		bl	HAL_SPI_Init
 293              	.LVL8:
 197:Core/Src/main.c ****   {
 294              		.loc 1 197 6 discriminator 1 view .LVU86
 295 002e 00B9     		cbnz	r0, .L10
 204:Core/Src/main.c **** 
 296              		.loc 1 204 1 view .LVU87
ARM GAS  C:\msys64\tmp\ccKa2hS8.s 			page 14


 297 0030 08BD     		pop	{r3, pc}
 298              	.L10:
 199:Core/Src/main.c ****   }
 299              		.loc 1 199 5 is_stmt 1 view .LVU88
 300 0032 FFF7FEFF 		bl	Error_Handler
 301              	.LVL9:
 302              	.L12:
 303 0036 00BF     		.align	2
 304              	.L11:
 305 0038 00000000 		.word	hspi1
 306 003c 00300140 		.word	1073819648
 307              		.cfi_endproc
 308              	.LFE67:
 310              		.section	.text.SystemClock_Config,"ax",%progbits
 311              		.align	1
 312              		.global	SystemClock_Config
 313              		.syntax unified
 314              		.thumb
 315              		.thumb_func
 317              	SystemClock_Config:
 318              	.LFB66:
 139:Core/Src/main.c ****   RCC_OscInitTypeDef RCC_OscInitStruct = {0};
 319              		.loc 1 139 1 view -0
 320              		.cfi_startproc
 321              		@ args = 0, pretend = 0, frame = 64
 322              		@ frame_needed = 0, uses_anonymous_args = 0
 323 0000 10B5     		push	{r4, lr}
 324              	.LCFI4:
 325              		.cfi_def_cfa_offset 8
 326              		.cfi_offset 4, -8
 327              		.cfi_offset 14, -4
 328 0002 90B0     		sub	sp, sp, #64
 329              	.LCFI5:
 330              		.cfi_def_cfa_offset 72
 140:Core/Src/main.c ****   RCC_ClkInitTypeDef RCC_ClkInitStruct = {0};
 331              		.loc 1 140 3 view .LVU90
 140:Core/Src/main.c ****   RCC_ClkInitTypeDef RCC_ClkInitStruct = {0};
 332              		.loc 1 140 22 is_stmt 0 view .LVU91
 333 0004 06AC     		add	r4, sp, #24
 334 0006 2822     		movs	r2, #40
 335 0008 0021     		movs	r1, #0
 336 000a 2046     		mov	r0, r4
 337 000c FFF7FEFF 		bl	memset
 338              	.LVL10:
 141:Core/Src/main.c **** 
 339              		.loc 1 141 3 is_stmt 1 view .LVU92
 141:Core/Src/main.c **** 
 340              		.loc 1 141 22 is_stmt 0 view .LVU93
 341 0010 0023     		movs	r3, #0
 342 0012 0193     		str	r3, [sp, #4]
 343 0014 0293     		str	r3, [sp, #8]
 344 0016 0393     		str	r3, [sp, #12]
 345 0018 0493     		str	r3, [sp, #16]
 346 001a 0593     		str	r3, [sp, #20]
 146:Core/Src/main.c ****   RCC_OscInitStruct.HSIState = RCC_HSI_ON;
 347              		.loc 1 146 3 is_stmt 1 view .LVU94
 146:Core/Src/main.c ****   RCC_OscInitStruct.HSIState = RCC_HSI_ON;
ARM GAS  C:\msys64\tmp\ccKa2hS8.s 			page 15


 348              		.loc 1 146 36 is_stmt 0 view .LVU95
 349 001c 0223     		movs	r3, #2
 350 001e 0693     		str	r3, [sp, #24]
 147:Core/Src/main.c ****   RCC_OscInitStruct.HSICalibrationValue = RCC_HSICALIBRATION_DEFAULT;
 351              		.loc 1 147 3 is_stmt 1 view .LVU96
 147:Core/Src/main.c ****   RCC_OscInitStruct.HSICalibrationValue = RCC_HSICALIBRATION_DEFAULT;
 352              		.loc 1 147 30 is_stmt 0 view .LVU97
 353 0020 0123     		movs	r3, #1
 354 0022 0A93     		str	r3, [sp, #40]
 148:Core/Src/main.c ****   RCC_OscInitStruct.PLL.PLLState = RCC_PLL_NONE;
 355              		.loc 1 148 3 is_stmt 1 view .LVU98
 148:Core/Src/main.c ****   RCC_OscInitStruct.PLL.PLLState = RCC_PLL_NONE;
 356              		.loc 1 148 41 is_stmt 0 view .LVU99
 357 0024 1023     		movs	r3, #16
 358 0026 0B93     		str	r3, [sp, #44]
 149:Core/Src/main.c ****   if (HAL_RCC_OscConfig(&RCC_OscInitStruct) != HAL_OK)
 359              		.loc 1 149 3 is_stmt 1 view .LVU100
 150:Core/Src/main.c ****   {
 360              		.loc 1 150 3 view .LVU101
 150:Core/Src/main.c ****   {
 361              		.loc 1 150 7 is_stmt 0 view .LVU102
 362 0028 2046     		mov	r0, r4
 363 002a FFF7FEFF 		bl	HAL_RCC_OscConfig
 364              	.LVL11:
 150:Core/Src/main.c ****   {
 365              		.loc 1 150 6 discriminator 1 view .LVU103
 366 002e 60B9     		cbnz	r0, .L17
 157:Core/Src/main.c ****   RCC_ClkInitStruct.SYSCLKSource = RCC_SYSCLKSOURCE_HSI;
 367              		.loc 1 157 3 is_stmt 1 view .LVU104
 157:Core/Src/main.c ****   RCC_ClkInitStruct.SYSCLKSource = RCC_SYSCLKSOURCE_HSI;
 368              		.loc 1 157 31 is_stmt 0 view .LVU105
 369 0030 0F23     		movs	r3, #15
 370 0032 0193     		str	r3, [sp, #4]
 158:Core/Src/main.c ****   RCC_ClkInitStruct.AHBCLKDivider = RCC_SYSCLK_DIV1;
 371              		.loc 1 158 3 is_stmt 1 view .LVU106
 158:Core/Src/main.c ****   RCC_ClkInitStruct.AHBCLKDivider = RCC_SYSCLK_DIV1;
 372              		.loc 1 158 34 is_stmt 0 view .LVU107
 373 0034 0146     		mov	r1, r0
 374 0036 0290     		str	r0, [sp, #8]
 159:Core/Src/main.c ****   RCC_ClkInitStruct.APB1CLKDivider = RCC_HCLK_DIV1;
 375              		.loc 1 159 3 is_stmt 1 view .LVU108
 159:Core/Src/main.c ****   RCC_ClkInitStruct.APB1CLKDivider = RCC_HCLK_DIV1;
 376              		.loc 1 159 35 is_stmt 0 view .LVU109
 377 0038 0390     		str	r0, [sp, #12]
 160:Core/Src/main.c ****   RCC_ClkInitStruct.APB2CLKDivider = RCC_HCLK_DIV1;
 378              		.loc 1 160 3 is_stmt 1 view .LVU110
 160:Core/Src/main.c ****   RCC_ClkInitStruct.APB2CLKDivider = RCC_HCLK_DIV1;
 379              		.loc 1 160 36 is_stmt 0 view .LVU111
 380 003a 0490     		str	r0, [sp, #16]
 161:Core/Src/main.c **** 
 381              		.loc 1 161 3 is_stmt 1 view .LVU112
 161:Core/Src/main.c **** 
 382              		.loc 1 161 36 is_stmt 0 view .LVU113
 383 003c 0590     		str	r0, [sp, #20]
 163:Core/Src/main.c ****   {
 384              		.loc 1 163 3 is_stmt 1 view .LVU114
 163:Core/Src/main.c ****   {
ARM GAS  C:\msys64\tmp\ccKa2hS8.s 			page 16


 385              		.loc 1 163 7 is_stmt 0 view .LVU115
 386 003e 01A8     		add	r0, sp, #4
 387 0040 FFF7FEFF 		bl	HAL_RCC_ClockConfig
 388              	.LVL12:
 163:Core/Src/main.c ****   {
 389              		.loc 1 163 6 discriminator 1 view .LVU116
 390 0044 18B9     		cbnz	r0, .L18
 167:Core/Src/main.c **** 
 391              		.loc 1 167 1 view .LVU117
 392 0046 10B0     		add	sp, sp, #64
 393              	.LCFI6:
 394              		.cfi_remember_state
 395              		.cfi_def_cfa_offset 8
 396              		@ sp needed
 397 0048 10BD     		pop	{r4, pc}
 398              	.L17:
 399              	.LCFI7:
 400              		.cfi_restore_state
 152:Core/Src/main.c ****   }
 401              		.loc 1 152 5 is_stmt 1 view .LVU118
 402 004a FFF7FEFF 		bl	Error_Handler
 403              	.LVL13:
 404              	.L18:
 165:Core/Src/main.c ****   }
 405              		.loc 1 165 5 view .LVU119
 406 004e FFF7FEFF 		bl	Error_Handler
 407              	.LVL14:
 408              		.cfi_endproc
 409              	.LFE66:
 411              		.section	.text.main,"ax",%progbits
 412              		.align	1
 413              		.global	main
 414              		.syntax unified
 415              		.thumb
 416              		.thumb_func
 418              	main:
 419              	.LFB65:
  68:Core/Src/main.c **** 
 420              		.loc 1 68 1 view -0
 421              		.cfi_startproc
 422              		@ args = 0, pretend = 0, frame = 0
 423              		@ frame_needed = 0, uses_anonymous_args = 0
 424 0000 30B5     		push	{r4, r5, lr}
 425              	.LCFI8:
 426              		.cfi_def_cfa_offset 12
 427              		.cfi_offset 4, -12
 428              		.cfi_offset 5, -8
 429              		.cfi_offset 14, -4
 430 0002 83B0     		sub	sp, sp, #12
 431              	.LCFI9:
 432              		.cfi_def_cfa_offset 24
  77:Core/Src/main.c **** 
 433              		.loc 1 77 3 view .LVU121
 434 0004 FFF7FEFF 		bl	HAL_Init
 435              	.LVL15:
  83:Core/Src/main.c **** 
 436              		.loc 1 83 3 view .LVU122
ARM GAS  C:\msys64\tmp\ccKa2hS8.s 			page 17


 437 0008 FFF7FEFF 		bl	SystemClock_Config
 438              	.LVL16:
  90:Core/Src/main.c ****   MX_SPI1_Init();
 439              		.loc 1 90 3 view .LVU123
 440 000c FFF7FEFF 		bl	MX_GPIO_Init
 441              	.LVL17:
  91:Core/Src/main.c ****   /* USER CODE BEGIN 2 */
 442              		.loc 1 91 3 view .LVU124
 443 0010 FFF7FEFF 		bl	MX_SPI1_Init
 444              	.LVL18:
  93:Core/Src/main.c ****   uint8_t j = 0;
 445              		.loc 1 93 3 view .LVU125
  94:Core/Src/main.c ****   ST7735_Init();
 446              		.loc 1 94 3 view .LVU126
  95:Core/Src/main.c ****   /* USER CODE END 2 */
 447              		.loc 1 95 3 view .LVU127
 448 0014 FFF7FEFF 		bl	ST7735_Init
 449              	.LVL19:
 100:Core/Src/main.c ****   ST7735_DrawRect(0, 0, ST7735_X_SIZE, ST7735_Y_SIZE, ST7735_COLOR_RED);
 450              		.loc 1 100 3 view .LVU128
 451 0018 FFF7FEFF 		bl	ST7735_Select
 452              	.LVL20:
 101:Core/Src/main.c ****   ST7735_Deselect();
 453              		.loc 1 101 3 view .LVU129
 454 001c 4FF47843 		mov	r3, #63488
 455 0020 0093     		str	r3, [sp]
 456 0022 A023     		movs	r3, #160
 457 0024 8022     		movs	r2, #128
 458 0026 0021     		movs	r1, #0
 459 0028 0846     		mov	r0, r1
 460 002a FFF7FEFF 		bl	ST7735_DrawRect
 461              	.LVL21:
 102:Core/Src/main.c ****   while (1)
 462              		.loc 1 102 3 view .LVU130
 463 002e FFF7FEFF 		bl	ST7735_Deselect
 464              	.LVL22:
  94:Core/Src/main.c ****   ST7735_Init();
 465              		.loc 1 94 11 is_stmt 0 view .LVU131
 466 0032 0025     		movs	r5, #0
  93:Core/Src/main.c ****   uint8_t j = 0;
 467              		.loc 1 93 11 view .LVU132
 468 0034 2C46     		mov	r4, r5
 469 0036 0DE0     		b	.L20
 470              	.LVL23:
 471              	.L21:
 113:Core/Src/main.c ****       ST7735_Select();
 472              		.loc 1 113 7 is_stmt 1 view .LVU133
 114:Core/Src/main.c ****       ST7735_DrawRect(0, 0, ST7735_X_SIZE, ST7735_Y_SIZE, ST7735_COLOR_RED);
 473              		.loc 1 114 7 view .LVU134
 474 0038 FFF7FEFF 		bl	ST7735_Select
 475              	.LVL24:
 115:Core/Src/main.c ****       ST7735_Deselect();
 476              		.loc 1 115 7 view .LVU135
 477 003c 4FF47843 		mov	r3, #63488
 478 0040 0093     		str	r3, [sp]
 479 0042 A023     		movs	r3, #160
 480 0044 8022     		movs	r2, #128
ARM GAS  C:\msys64\tmp\ccKa2hS8.s 			page 18


 481 0046 0021     		movs	r1, #0
 482 0048 0846     		mov	r0, r1
 483 004a FFF7FEFF 		bl	ST7735_DrawRect
 484              	.LVL25:
 116:Core/Src/main.c ****     }
 485              		.loc 1 116 7 view .LVU136
 486 004e FFF7FEFF 		bl	ST7735_Deselect
 487              	.LVL26:
 113:Core/Src/main.c ****       ST7735_Select();
 488              		.loc 1 113 9 is_stmt 0 view .LVU137
 489 0052 0025     		movs	r5, #0
 490              	.LVL27:
 491              	.L20:
 103:Core/Src/main.c ****   {
 492              		.loc 1 103 3 is_stmt 1 view .LVU138
 105:Core/Src/main.c ****     load_character(i);
 493              		.loc 1 105 5 view .LVU139
 494 0054 C4F34002 		ubfx	r2, r4, #1, #1
 495 0058 2021     		movs	r1, #32
 496 005a 1148     		ldr	r0, .L24
 497 005c FFF7FEFF 		bl	HAL_GPIO_WritePin
 498              	.LVL28:
 106:Core/Src/main.c ****     draw_loaded_character((j % 14) * 9, (j / 14) * 9, ST7735_COLOR_WHITE);
 499              		.loc 1 106 5 view .LVU140
 500 0060 2046     		mov	r0, r4
 501 0062 FFF7FEFF 		bl	load_character
 502              	.LVL29:
 107:Core/Src/main.c ****     i++;
 503              		.loc 1 107 5 view .LVU141
 504 0066 6908     		lsrs	r1, r5, #1
 505 0068 0E4B     		ldr	r3, .L24+4
 506 006a A3FB0131 		umull	r3, r1, r3, r1
 507 006e 8808     		lsrs	r0, r1, #2
 508 0070 0146     		mov	r1, r0
 509 0072 C0EBC000 		rsb	r0, r0, r0, lsl #3
 510 0076 A5EB4000 		sub	r0, r5, r0, lsl #1
 511 007a C0B2     		uxtb	r0, r0
 512 007c 4FF6FF72 		movw	r2, #65535
 513 0080 01EBC101 		add	r1, r1, r1, lsl #3
 514 0084 00EBC000 		add	r0, r0, r0, lsl #3
 515 0088 FFF7FEFF 		bl	draw_loaded_character
 516              	.LVL30:
 108:Core/Src/main.c ****     j++;
 517              		.loc 1 108 5 view .LVU142
 108:Core/Src/main.c ****     j++;
 518              		.loc 1 108 6 is_stmt 0 view .LVU143
 519 008c 0134     		adds	r4, r4, #1
 520              	.LVL31:
 108:Core/Src/main.c ****     j++;
 521              		.loc 1 108 6 view .LVU144
 522 008e E4B2     		uxtb	r4, r4
 523              	.LVL32:
 109:Core/Src/main.c **** 
 524              		.loc 1 109 5 is_stmt 1 view .LVU145
 109:Core/Src/main.c **** 
 525              		.loc 1 109 6 is_stmt 0 view .LVU146
 526 0090 0135     		adds	r5, r5, #1
ARM GAS  C:\msys64\tmp\ccKa2hS8.s 			page 19


 527              	.LVL33:
 109:Core/Src/main.c **** 
 528              		.loc 1 109 6 view .LVU147
 529 0092 EDB2     		uxtb	r5, r5
 530              	.LVL34:
 111:Core/Src/main.c ****     {
 531              		.loc 1 111 5 is_stmt 1 view .LVU148
 111:Core/Src/main.c ****     {
 532              		.loc 1 111 8 is_stmt 0 view .LVU149
 533 0094 802C     		cmp	r4, #128
 534 0096 CFD0     		beq	.L21
 111:Core/Src/main.c ****     {
 535              		.loc 1 111 18 discriminator 1 view .LVU150
 536 0098 002C     		cmp	r4, #0
 537 009a DBD1     		bne	.L20
 538 009c CCE7     		b	.L21
 539              	.L25:
 540 009e 00BF     		.align	2
 541              	.L24:
 542 00a0 000C0140 		.word	1073810432
 543 00a4 93244992 		.word	-1840700269
 544              		.cfi_endproc
 545              	.LFE65:
 547              		.global	hspi1
 548              		.section	.bss.hspi1,"aw",%nobits
 549              		.align	2
 552              	hspi1:
 553 0000 00000000 		.space	88
 553      00000000 
 553      00000000 
 553      00000000 
 553      00000000 
 554              		.text
 555              	.Letext0:
 556              		.file 3 "Drivers/CMSIS/Device/ST/STM32F1xx/Include/stm32f103xb.h"
 557              		.file 4 "C:/Program Files (x86)/Arm/GNU Toolchain mingw-w64-i686-arm-none-eabi/arm-none-eabi/inclu
 558              		.file 5 "C:/Program Files (x86)/Arm/GNU Toolchain mingw-w64-i686-arm-none-eabi/arm-none-eabi/inclu
 559              		.file 6 "Drivers/STM32F1xx_HAL_Driver/Inc/stm32f1xx_hal_def.h"
 560              		.file 7 "Drivers/STM32F1xx_HAL_Driver/Inc/stm32f1xx_hal_rcc.h"
 561              		.file 8 "Drivers/STM32F1xx_HAL_Driver/Inc/stm32f1xx_hal_rcc_ex.h"
 562              		.file 9 "Drivers/STM32F1xx_HAL_Driver/Inc/stm32f1xx_hal_gpio.h"
 563              		.file 10 "Drivers/STM32F1xx_HAL_Driver/Inc/stm32f1xx_hal_dma.h"
 564              		.file 11 "Drivers/STM32F1xx_HAL_Driver/Inc/stm32f1xx_hal_spi.h"
 565              		.file 12 "Drivers/STM32F1xx_HAL_Driver/Inc/stm32f1xx_hal_cortex.h"
 566              		.file 13 "Core/Inc/font.h"
 567              		.file 14 "Core/Inc/st7735.h"
 568              		.file 15 "Drivers/STM32F1xx_HAL_Driver/Inc/stm32f1xx_hal.h"
 569              		.file 16 "<built-in>"
ARM GAS  C:\msys64\tmp\ccKa2hS8.s 			page 20


DEFINED SYMBOLS
                            *ABS*:00000000 main.c
C:\msys64\tmp\ccKa2hS8.s:19     .text.MX_GPIO_Init:00000000 $t
C:\msys64\tmp\ccKa2hS8.s:24     .text.MX_GPIO_Init:00000000 MX_GPIO_Init
C:\msys64\tmp\ccKa2hS8.s:186    .text.MX_GPIO_Init:000000c0 $d
C:\msys64\tmp\ccKa2hS8.s:194    .text.Error_Handler:00000000 $t
C:\msys64\tmp\ccKa2hS8.s:200    .text.Error_Handler:00000000 Error_Handler
C:\msys64\tmp\ccKa2hS8.s:232    .text.MX_SPI1_Init:00000000 $t
C:\msys64\tmp\ccKa2hS8.s:237    .text.MX_SPI1_Init:00000000 MX_SPI1_Init
C:\msys64\tmp\ccKa2hS8.s:305    .text.MX_SPI1_Init:00000038 $d
C:\msys64\tmp\ccKa2hS8.s:552    .bss.hspi1:00000000 hspi1
C:\msys64\tmp\ccKa2hS8.s:311    .text.SystemClock_Config:00000000 $t
C:\msys64\tmp\ccKa2hS8.s:317    .text.SystemClock_Config:00000000 SystemClock_Config
C:\msys64\tmp\ccKa2hS8.s:412    .text.main:00000000 $t
C:\msys64\tmp\ccKa2hS8.s:418    .text.main:00000000 main
C:\msys64\tmp\ccKa2hS8.s:542    .text.main:000000a0 $d
C:\msys64\tmp\ccKa2hS8.s:549    .bss.hspi1:00000000 $d

UNDEFINED SYMBOLS
HAL_GPIO_WritePin
HAL_GPIO_Init
HAL_NVIC_SetPriority
HAL_NVIC_EnableIRQ
HAL_SPI_Init
memset
HAL_RCC_OscConfig
HAL_RCC_ClockConfig
HAL_Init
ST7735_Init
ST7735_Select
ST7735_DrawRect
ST7735_Deselect
load_character
draw_loaded_character
