ARM GAS  C:\msys64\tmp\ccT80C1J.s 			page 1


   1              		.cpu cortex-m3
   2              		.arch armv7-m
   3              		.fpu softvfp
   4              		.eabi_attribute 20, 1
   5              		.eabi_attribute 21, 1
   6              		.eabi_attribute 23, 3
   7              		.eabi_attribute 24, 1
   8              		.eabi_attribute 25, 1
   9              		.eabi_attribute 26, 1
  10              		.eabi_attribute 30, 1
  11              		.eabi_attribute 34, 1
  12              		.eabi_attribute 18, 4
  13              		.file	"st7735.c"
  14              		.text
  15              	.Ltext0:
  16              		.cfi_sections	.debug_frame
  17              		.file 1 "Core/Src/st7735.c"
  18              		.section	.text.ST7735_Select,"ax",%progbits
  19              		.align	1
  20              		.global	ST7735_Select
  21              		.syntax unified
  22              		.thumb
  23              		.thumb_func
  25              	ST7735_Select:
  26              	.LFB65:
   1:Core/Src/st7735.c **** /**
   2:Core/Src/st7735.c ****  ******************************************************************************
   3:Core/Src/st7735.c ****  * @file           : st7735.c
   4:Core/Src/st7735.c ****  * @brief          : ST7735 driver
   5:Core/Src/st7735.c ****  * @author         : MicroTechnics (microtechnics.ru)
   6:Core/Src/st7735.c ****  ******************************************************************************
   7:Core/Src/st7735.c ****  */
   8:Core/Src/st7735.c **** 
   9:Core/Src/st7735.c **** /* Includes ------------------------------------------------------------------*/
  10:Core/Src/st7735.c **** 
  11:Core/Src/st7735.c **** #include "st7735.h"
  12:Core/Src/st7735.c **** 
  13:Core/Src/st7735.c **** /* Declarations and definitions ----------------------------------------------*/
  14:Core/Src/st7735.c **** 
  15:Core/Src/st7735.c **** extern SPI_HandleTypeDef hspi1;
  16:Core/Src/st7735.c **** 
  17:Core/Src/st7735.c **** /* Functions -----------------------------------------------------------------*/
  18:Core/Src/st7735.c **** 
  19:Core/Src/st7735.c **** /*----------------------------------------------------------------------------*/
  20:Core/Src/st7735.c **** void ST7735_Select()
  21:Core/Src/st7735.c **** {
  27              		.loc 1 21 1 view -0
  28              		.cfi_startproc
  29              		@ args = 0, pretend = 0, frame = 0
  30              		@ frame_needed = 0, uses_anonymous_args = 0
  31 0000 08B5     		push	{r3, lr}
  32              	.LCFI0:
  33              		.cfi_def_cfa_offset 8
  34              		.cfi_offset 3, -8
  35              		.cfi_offset 14, -4
  22:Core/Src/st7735.c ****   HAL_GPIO_WritePin(ST7735_CS_PORT, ST7735_CS_PIN, GPIO_PIN_RESET);
  36              		.loc 1 22 3 view .LVU1
ARM GAS  C:\msys64\tmp\ccT80C1J.s 			page 2


  37 0002 0022     		movs	r2, #0
  38 0004 1021     		movs	r1, #16
  39 0006 0248     		ldr	r0, .L3
  40 0008 FFF7FEFF 		bl	HAL_GPIO_WritePin
  41              	.LVL0:
  23:Core/Src/st7735.c **** }
  42              		.loc 1 23 1 is_stmt 0 view .LVU2
  43 000c 08BD     		pop	{r3, pc}
  44              	.L4:
  45 000e 00BF     		.align	2
  46              	.L3:
  47 0010 00080140 		.word	1073809408
  48              		.cfi_endproc
  49              	.LFE65:
  51              		.section	.text.ST7735_Deselect,"ax",%progbits
  52              		.align	1
  53              		.global	ST7735_Deselect
  54              		.syntax unified
  55              		.thumb
  56              		.thumb_func
  58              	ST7735_Deselect:
  59              	.LFB66:
  24:Core/Src/st7735.c **** 
  25:Core/Src/st7735.c **** /*----------------------------------------------------------------------------*/
  26:Core/Src/st7735.c **** void ST7735_Deselect()
  27:Core/Src/st7735.c **** {
  60              		.loc 1 27 1 is_stmt 1 view -0
  61              		.cfi_startproc
  62              		@ args = 0, pretend = 0, frame = 0
  63              		@ frame_needed = 0, uses_anonymous_args = 0
  64 0000 08B5     		push	{r3, lr}
  65              	.LCFI1:
  66              		.cfi_def_cfa_offset 8
  67              		.cfi_offset 3, -8
  68              		.cfi_offset 14, -4
  28:Core/Src/st7735.c ****   HAL_GPIO_WritePin(ST7735_CS_PORT, ST7735_CS_PIN, GPIO_PIN_SET);
  69              		.loc 1 28 3 view .LVU4
  70 0002 0122     		movs	r2, #1
  71 0004 1021     		movs	r1, #16
  72 0006 0248     		ldr	r0, .L7
  73 0008 FFF7FEFF 		bl	HAL_GPIO_WritePin
  74              	.LVL1:
  29:Core/Src/st7735.c **** }
  75              		.loc 1 29 1 is_stmt 0 view .LVU5
  76 000c 08BD     		pop	{r3, pc}
  77              	.L8:
  78 000e 00BF     		.align	2
  79              	.L7:
  80 0010 00080140 		.word	1073809408
  81              		.cfi_endproc
  82              	.LFE66:
  84              		.section	.text.ST7735_SendByte,"ax",%progbits
  85              		.align	1
  86              		.global	ST7735_SendByte
  87              		.syntax unified
  88              		.thumb
  89              		.thumb_func
ARM GAS  C:\msys64\tmp\ccT80C1J.s 			page 3


  91              	ST7735_SendByte:
  92              	.LFB67:
  30:Core/Src/st7735.c **** 
  31:Core/Src/st7735.c **** /*----------------------------------------------------------------------------*/
  32:Core/Src/st7735.c **** void ST7735_SendByte(uint8_t data)
  33:Core/Src/st7735.c **** {
  93              		.loc 1 33 1 is_stmt 1 view -0
  94              		.cfi_startproc
  95              		@ args = 0, pretend = 0, frame = 0
  96              		@ frame_needed = 0, uses_anonymous_args = 0
  97              		@ link register save eliminated.
  98              	.LVL2:
  99              	.L10:
  34:Core/Src/st7735.c ****   // HAL_SPI_Transmit(&hspi1, &data, 1, ST7735_SPI_TIMEOUT);
  35:Core/Src/st7735.c ****   while ((SPI1->SR & SPI_SR_TXE) == RESET)
 100              		.loc 1 35 34 discriminator 1 view .LVU7
 101              		.loc 1 35 15 is_stmt 0 discriminator 1 view .LVU8
 102 0000 034B     		ldr	r3, .L11
 103 0002 9B68     		ldr	r3, [r3, #8]
 104              		.loc 1 35 34 discriminator 1 view .LVU9
 105 0004 13F0020F 		tst	r3, #2
 106 0008 FAD0     		beq	.L10
  36:Core/Src/st7735.c ****     ;
  37:Core/Src/st7735.c ****   SPI1->DR = data;
 107              		.loc 1 37 3 is_stmt 1 view .LVU10
 108              		.loc 1 37 12 is_stmt 0 view .LVU11
 109 000a 014B     		ldr	r3, .L11
 110 000c D860     		str	r0, [r3, #12]
  38:Core/Src/st7735.c **** }
 111              		.loc 1 38 1 view .LVU12
 112 000e 7047     		bx	lr
 113              	.L12:
 114              		.align	2
 115              	.L11:
 116 0010 00300140 		.word	1073819648
 117              		.cfi_endproc
 118              	.LFE67:
 120              		.section	.text.ST7735_WaitLastData,"ax",%progbits
 121              		.align	1
 122              		.global	ST7735_WaitLastData
 123              		.syntax unified
 124              		.thumb
 125              		.thumb_func
 127              	ST7735_WaitLastData:
 128              	.LFB68:
  39:Core/Src/st7735.c **** 
  40:Core/Src/st7735.c **** /*----------------------------------------------------------------------------*/
  41:Core/Src/st7735.c **** void ST7735_WaitLastData()
  42:Core/Src/st7735.c **** {
 129              		.loc 1 42 1 is_stmt 1 view -0
 130              		.cfi_startproc
 131              		@ args = 0, pretend = 0, frame = 0
 132              		@ frame_needed = 0, uses_anonymous_args = 0
 133              		@ link register save eliminated.
 134              	.L14:
  43:Core/Src/st7735.c ****   while ((SPI1->SR & SPI_SR_TXE) == RESET)
 135              		.loc 1 43 34 discriminator 1 view .LVU14
ARM GAS  C:\msys64\tmp\ccT80C1J.s 			page 4


 136              		.loc 1 43 15 is_stmt 0 discriminator 1 view .LVU15
 137 0000 054B     		ldr	r3, .L16
 138 0002 9B68     		ldr	r3, [r3, #8]
 139              		.loc 1 43 34 discriminator 1 view .LVU16
 140 0004 13F0020F 		tst	r3, #2
 141 0008 FAD0     		beq	.L14
 142              	.L15:
  44:Core/Src/st7735.c ****     ;
  45:Core/Src/st7735.c ****   while ((SPI1->SR & SPI_SR_BSY) != RESET)
 143              		.loc 1 45 34 is_stmt 1 discriminator 1 view .LVU17
 144              		.loc 1 45 15 is_stmt 0 discriminator 1 view .LVU18
 145 000a 034B     		ldr	r3, .L16
 146 000c 9B68     		ldr	r3, [r3, #8]
 147              		.loc 1 45 34 discriminator 1 view .LVU19
 148 000e 13F0800F 		tst	r3, #128
 149 0012 FAD1     		bne	.L15
  46:Core/Src/st7735.c ****     ;
  47:Core/Src/st7735.c **** }
 150              		.loc 1 47 1 view .LVU20
 151 0014 7047     		bx	lr
 152              	.L17:
 153 0016 00BF     		.align	2
 154              	.L16:
 155 0018 00300140 		.word	1073819648
 156              		.cfi_endproc
 157              	.LFE68:
 159              		.section	.text.ST7735_SendCommand,"ax",%progbits
 160              		.align	1
 161              		.global	ST7735_SendCommand
 162              		.syntax unified
 163              		.thumb
 164              		.thumb_func
 166              	ST7735_SendCommand:
 167              	.LVL3:
 168              	.LFB69:
  48:Core/Src/st7735.c **** 
  49:Core/Src/st7735.c **** /*----------------------------------------------------------------------------*/
  50:Core/Src/st7735.c **** void ST7735_SendCommand(uint8_t data)
  51:Core/Src/st7735.c **** {
 169              		.loc 1 51 1 is_stmt 1 view -0
 170              		.cfi_startproc
 171              		@ args = 0, pretend = 0, frame = 0
 172              		@ frame_needed = 0, uses_anonymous_args = 0
 173              		.loc 1 51 1 is_stmt 0 view .LVU22
 174 0000 10B5     		push	{r4, lr}
 175              	.LCFI2:
 176              		.cfi_def_cfa_offset 8
 177              		.cfi_offset 4, -8
 178              		.cfi_offset 14, -4
 179 0002 0446     		mov	r4, r0
  52:Core/Src/st7735.c ****   HAL_GPIO_WritePin(ST7735_DC_PORT, ST7735_DC_PIN, GPIO_PIN_RESET);
 180              		.loc 1 52 3 is_stmt 1 view .LVU23
 181 0004 0022     		movs	r2, #0
 182 0006 4021     		movs	r1, #64
 183 0008 0448     		ldr	r0, .L20
 184              	.LVL4:
 185              		.loc 1 52 3 is_stmt 0 view .LVU24
ARM GAS  C:\msys64\tmp\ccT80C1J.s 			page 5


 186 000a FFF7FEFF 		bl	HAL_GPIO_WritePin
 187              	.LVL5:
  53:Core/Src/st7735.c ****   ST7735_SendByte(data);
 188              		.loc 1 53 3 is_stmt 1 view .LVU25
 189 000e 2046     		mov	r0, r4
 190 0010 FFF7FEFF 		bl	ST7735_SendByte
 191              	.LVL6:
  54:Core/Src/st7735.c ****   ST7735_WaitLastData();
 192              		.loc 1 54 3 view .LVU26
 193 0014 FFF7FEFF 		bl	ST7735_WaitLastData
 194              	.LVL7:
  55:Core/Src/st7735.c **** }
 195              		.loc 1 55 1 is_stmt 0 view .LVU27
 196 0018 10BD     		pop	{r4, pc}
 197              	.LVL8:
 198              	.L21:
 199              		.loc 1 55 1 view .LVU28
 200 001a 00BF     		.align	2
 201              	.L20:
 202 001c 00080140 		.word	1073809408
 203              		.cfi_endproc
 204              	.LFE69:
 206              		.section	.text.ST7735_SendData,"ax",%progbits
 207              		.align	1
 208              		.global	ST7735_SendData
 209              		.syntax unified
 210              		.thumb
 211              		.thumb_func
 213              	ST7735_SendData:
 214              	.LVL9:
 215              	.LFB70:
  56:Core/Src/st7735.c **** 
  57:Core/Src/st7735.c **** /*----------------------------------------------------------------------------*/
  58:Core/Src/st7735.c **** void ST7735_SendData(uint8_t data)
  59:Core/Src/st7735.c **** {
 216              		.loc 1 59 1 is_stmt 1 view -0
 217              		.cfi_startproc
 218              		@ args = 0, pretend = 0, frame = 0
 219              		@ frame_needed = 0, uses_anonymous_args = 0
 220              		.loc 1 59 1 is_stmt 0 view .LVU30
 221 0000 10B5     		push	{r4, lr}
 222              	.LCFI3:
 223              		.cfi_def_cfa_offset 8
 224              		.cfi_offset 4, -8
 225              		.cfi_offset 14, -4
 226 0002 0446     		mov	r4, r0
  60:Core/Src/st7735.c ****   HAL_GPIO_WritePin(ST7735_DC_PORT, ST7735_DC_PIN, GPIO_PIN_SET);
 227              		.loc 1 60 3 is_stmt 1 view .LVU31
 228 0004 0122     		movs	r2, #1
 229 0006 4021     		movs	r1, #64
 230 0008 0448     		ldr	r0, .L24
 231              	.LVL10:
 232              		.loc 1 60 3 is_stmt 0 view .LVU32
 233 000a FFF7FEFF 		bl	HAL_GPIO_WritePin
 234              	.LVL11:
  61:Core/Src/st7735.c ****   ST7735_SendByte(data);
 235              		.loc 1 61 3 is_stmt 1 view .LVU33
ARM GAS  C:\msys64\tmp\ccT80C1J.s 			page 6


 236 000e 2046     		mov	r0, r4
 237 0010 FFF7FEFF 		bl	ST7735_SendByte
 238              	.LVL12:
  62:Core/Src/st7735.c ****   ST7735_WaitLastData();
 239              		.loc 1 62 3 view .LVU34
 240 0014 FFF7FEFF 		bl	ST7735_WaitLastData
 241              	.LVL13:
  63:Core/Src/st7735.c **** }
 242              		.loc 1 63 1 is_stmt 0 view .LVU35
 243 0018 10BD     		pop	{r4, pc}
 244              	.LVL14:
 245              	.L25:
 246              		.loc 1 63 1 view .LVU36
 247 001a 00BF     		.align	2
 248              	.L24:
 249 001c 00080140 		.word	1073809408
 250              		.cfi_endproc
 251              	.LFE70:
 253              		.section	.text.ST7735_SendDataMultiple,"ax",%progbits
 254              		.align	1
 255              		.global	ST7735_SendDataMultiple
 256              		.syntax unified
 257              		.thumb
 258              		.thumb_func
 260              	ST7735_SendDataMultiple:
 261              	.LVL15:
 262              	.LFB71:
  64:Core/Src/st7735.c **** 
  65:Core/Src/st7735.c **** /*----------------------------------------------------------------------------*/
  66:Core/Src/st7735.c **** void ST7735_SendDataMultiple(uint8_t *data, uint32_t num)
  67:Core/Src/st7735.c **** {
 263              		.loc 1 67 1 is_stmt 1 view -0
 264              		.cfi_startproc
 265              		@ args = 0, pretend = 0, frame = 0
 266              		@ frame_needed = 0, uses_anonymous_args = 0
 267              		.loc 1 67 1 is_stmt 0 view .LVU38
 268 0000 70B5     		push	{r4, r5, r6, lr}
 269              	.LCFI4:
 270              		.cfi_def_cfa_offset 16
 271              		.cfi_offset 4, -16
 272              		.cfi_offset 5, -12
 273              		.cfi_offset 6, -8
 274              		.cfi_offset 14, -4
 275 0002 0546     		mov	r5, r0
 276 0004 0E46     		mov	r6, r1
  68:Core/Src/st7735.c ****   HAL_GPIO_WritePin(ST7735_DC_PORT, ST7735_DC_PIN, GPIO_PIN_SET);
 277              		.loc 1 68 3 is_stmt 1 view .LVU39
 278 0006 0122     		movs	r2, #1
 279 0008 4021     		movs	r1, #64
 280              	.LVL16:
 281              		.loc 1 68 3 is_stmt 0 view .LVU40
 282 000a 0748     		ldr	r0, .L30
 283              	.LVL17:
 284              		.loc 1 68 3 view .LVU41
 285 000c FFF7FEFF 		bl	HAL_GPIO_WritePin
 286              	.LVL18:
  69:Core/Src/st7735.c **** 
ARM GAS  C:\msys64\tmp\ccT80C1J.s 			page 7


  70:Core/Src/st7735.c ****   for (uint32_t i = 0; i < num; i++)
 287              		.loc 1 70 3 is_stmt 1 view .LVU42
 288              	.LBB2:
 289              		.loc 1 70 8 view .LVU43
 290              		.loc 1 70 17 is_stmt 0 view .LVU44
 291 0010 0024     		movs	r4, #0
 292              		.loc 1 70 3 view .LVU45
 293 0012 04E0     		b	.L27
 294              	.LVL19:
 295              	.L28:
  71:Core/Src/st7735.c ****   {
  72:Core/Src/st7735.c ****     ST7735_SendByte(*data);
 296              		.loc 1 72 5 is_stmt 1 view .LVU46
 297 0014 15F8010B 		ldrb	r0, [r5], #1	@ zero_extendqisi2
 298              	.LVL20:
 299              		.loc 1 72 5 is_stmt 0 view .LVU47
 300 0018 FFF7FEFF 		bl	ST7735_SendByte
 301              	.LVL21:
  73:Core/Src/st7735.c ****     data++;
 302              		.loc 1 73 5 is_stmt 1 view .LVU48
  70:Core/Src/st7735.c ****   {
 303              		.loc 1 70 34 discriminator 3 view .LVU49
 304 001c 0134     		adds	r4, r4, #1
 305              	.LVL22:
 306              	.L27:
  70:Core/Src/st7735.c ****   {
 307              		.loc 1 70 26 discriminator 1 view .LVU50
 308 001e B442     		cmp	r4, r6
 309 0020 F8D3     		bcc	.L28
  70:Core/Src/st7735.c ****   {
 310              		.loc 1 70 26 is_stmt 0 discriminator 1 view .LVU51
 311              	.LBE2:
  74:Core/Src/st7735.c ****   }
  75:Core/Src/st7735.c **** 
  76:Core/Src/st7735.c ****   ST7735_WaitLastData();
 312              		.loc 1 76 3 is_stmt 1 view .LVU52
 313 0022 FFF7FEFF 		bl	ST7735_WaitLastData
 314              	.LVL23:
  77:Core/Src/st7735.c **** }
 315              		.loc 1 77 1 is_stmt 0 view .LVU53
 316 0026 70BD     		pop	{r4, r5, r6, pc}
 317              	.LVL24:
 318              	.L31:
 319              		.loc 1 77 1 view .LVU54
 320              		.align	2
 321              	.L30:
 322 0028 00080140 		.word	1073809408
 323              		.cfi_endproc
 324              	.LFE71:
 326              		.section	.text.ST7735_Init,"ax",%progbits
 327              		.align	1
 328              		.global	ST7735_Init
 329              		.syntax unified
 330              		.thumb
 331              		.thumb_func
 333              	ST7735_Init:
 334              	.LFB72:
ARM GAS  C:\msys64\tmp\ccT80C1J.s 			page 8


  78:Core/Src/st7735.c **** 
  79:Core/Src/st7735.c **** /*----------------------------------------------------------------------------*/
  80:Core/Src/st7735.c **** void ST7735_Init()
  81:Core/Src/st7735.c **** {
 335              		.loc 1 81 1 is_stmt 1 view -0
 336              		.cfi_startproc
 337              		@ args = 0, pretend = 0, frame = 0
 338              		@ frame_needed = 0, uses_anonymous_args = 0
 339 0000 10B5     		push	{r4, lr}
 340              	.LCFI5:
 341              		.cfi_def_cfa_offset 8
 342              		.cfi_offset 4, -8
 343              		.cfi_offset 14, -4
  82:Core/Src/st7735.c ****   SPI1->CR1 |= SPI_CR1_SPE;
 344              		.loc 1 82 3 view .LVU56
 345              		.loc 1 82 7 is_stmt 0 view .LVU57
 346 0002 8E4A     		ldr	r2, .L34
 347 0004 1368     		ldr	r3, [r2]
 348              		.loc 1 82 13 view .LVU58
 349 0006 43F04003 		orr	r3, r3, #64
 350 000a 1360     		str	r3, [r2]
  83:Core/Src/st7735.c ****   HAL_GPIO_WritePin(ST7735_CS_PORT, ST7735_CS_PIN, GPIO_PIN_RESET);
 351              		.loc 1 83 3 is_stmt 1 view .LVU59
 352 000c 8C4C     		ldr	r4, .L34+4
 353 000e 0022     		movs	r2, #0
 354 0010 1021     		movs	r1, #16
 355 0012 2046     		mov	r0, r4
 356 0014 FFF7FEFF 		bl	HAL_GPIO_WritePin
 357              	.LVL25:
  84:Core/Src/st7735.c **** 
  85:Core/Src/st7735.c ****   HAL_GPIO_WritePin(ST7735_RESET_PORT, ST7735_RESET_PIN, GPIO_PIN_SET);
 358              		.loc 1 85 3 view .LVU60
 359 0018 0122     		movs	r2, #1
 360 001a 0821     		movs	r1, #8
 361 001c 2046     		mov	r0, r4
 362 001e FFF7FEFF 		bl	HAL_GPIO_WritePin
 363              	.LVL26:
  86:Core/Src/st7735.c ****   HAL_Delay(5);
 364              		.loc 1 86 3 view .LVU61
 365 0022 0520     		movs	r0, #5
 366 0024 FFF7FEFF 		bl	HAL_Delay
 367              	.LVL27:
  87:Core/Src/st7735.c ****   HAL_GPIO_WritePin(ST7735_RESET_PORT, ST7735_RESET_PIN, GPIO_PIN_RESET);
 368              		.loc 1 87 3 view .LVU62
 369 0028 0022     		movs	r2, #0
 370 002a 0821     		movs	r1, #8
 371 002c 2046     		mov	r0, r4
 372 002e FFF7FEFF 		bl	HAL_GPIO_WritePin
 373              	.LVL28:
  88:Core/Src/st7735.c ****   HAL_Delay(5);
 374              		.loc 1 88 3 view .LVU63
 375 0032 0520     		movs	r0, #5
 376 0034 FFF7FEFF 		bl	HAL_Delay
 377              	.LVL29:
  89:Core/Src/st7735.c ****   HAL_GPIO_WritePin(ST7735_RESET_PORT, ST7735_RESET_PIN, GPIO_PIN_SET);
 378              		.loc 1 89 3 view .LVU64
 379 0038 0122     		movs	r2, #1
ARM GAS  C:\msys64\tmp\ccT80C1J.s 			page 9


 380 003a 0821     		movs	r1, #8
 381 003c 2046     		mov	r0, r4
 382 003e FFF7FEFF 		bl	HAL_GPIO_WritePin
 383              	.LVL30:
  90:Core/Src/st7735.c ****   HAL_Delay(5);
 384              		.loc 1 90 3 view .LVU65
 385 0042 0520     		movs	r0, #5
 386 0044 FFF7FEFF 		bl	HAL_Delay
 387              	.LVL31:
  91:Core/Src/st7735.c **** 
  92:Core/Src/st7735.c ****   ST7735_SendCommand(ST7735_SWRESET);
 388              		.loc 1 92 3 view .LVU66
 389 0048 0120     		movs	r0, #1
 390 004a FFF7FEFF 		bl	ST7735_SendCommand
 391              	.LVL32:
  93:Core/Src/st7735.c ****   HAL_Delay(150);
 392              		.loc 1 93 3 view .LVU67
 393 004e 9620     		movs	r0, #150
 394 0050 FFF7FEFF 		bl	HAL_Delay
 395              	.LVL33:
  94:Core/Src/st7735.c **** 
  95:Core/Src/st7735.c ****   ST7735_SendCommand(ST7735_SLPOUT);
 396              		.loc 1 95 3 view .LVU68
 397 0054 1120     		movs	r0, #17
 398 0056 FFF7FEFF 		bl	ST7735_SendCommand
 399              	.LVL34:
  96:Core/Src/st7735.c ****   HAL_Delay(500);
 400              		.loc 1 96 3 view .LVU69
 401 005a 4FF4FA70 		mov	r0, #500
 402 005e FFF7FEFF 		bl	HAL_Delay
 403              	.LVL35:
  97:Core/Src/st7735.c **** 
  98:Core/Src/st7735.c ****   ST7735_SendCommand(ST7735_FRMCTR1);
 404              		.loc 1 98 3 view .LVU70
 405 0062 B120     		movs	r0, #177
 406 0064 FFF7FEFF 		bl	ST7735_SendCommand
 407              	.LVL36:
  99:Core/Src/st7735.c ****   ST7735_SendData(0x01);
 408              		.loc 1 99 3 view .LVU71
 409 0068 0120     		movs	r0, #1
 410 006a FFF7FEFF 		bl	ST7735_SendData
 411              	.LVL37:
 100:Core/Src/st7735.c ****   ST7735_SendData(0x2C);
 412              		.loc 1 100 3 view .LVU72
 413 006e 2C20     		movs	r0, #44
 414 0070 FFF7FEFF 		bl	ST7735_SendData
 415              	.LVL38:
 101:Core/Src/st7735.c ****   ST7735_SendData(0x2D);
 416              		.loc 1 101 3 view .LVU73
 417 0074 2D20     		movs	r0, #45
 418 0076 FFF7FEFF 		bl	ST7735_SendData
 419              	.LVL39:
 102:Core/Src/st7735.c **** 
 103:Core/Src/st7735.c ****   ST7735_SendCommand(ST7735_FRMCTR2);
 420              		.loc 1 103 3 view .LVU74
 421 007a B220     		movs	r0, #178
 422 007c FFF7FEFF 		bl	ST7735_SendCommand
ARM GAS  C:\msys64\tmp\ccT80C1J.s 			page 10


 423              	.LVL40:
 104:Core/Src/st7735.c ****   ST7735_SendData(0x01);
 424              		.loc 1 104 3 view .LVU75
 425 0080 0120     		movs	r0, #1
 426 0082 FFF7FEFF 		bl	ST7735_SendData
 427              	.LVL41:
 105:Core/Src/st7735.c ****   ST7735_SendData(0x2C);
 428              		.loc 1 105 3 view .LVU76
 429 0086 2C20     		movs	r0, #44
 430 0088 FFF7FEFF 		bl	ST7735_SendData
 431              	.LVL42:
 106:Core/Src/st7735.c ****   ST7735_SendData(0x2D);
 432              		.loc 1 106 3 view .LVU77
 433 008c 2D20     		movs	r0, #45
 434 008e FFF7FEFF 		bl	ST7735_SendData
 435              	.LVL43:
 107:Core/Src/st7735.c **** 
 108:Core/Src/st7735.c ****   ST7735_SendCommand(ST7735_FRMCTR3);
 436              		.loc 1 108 3 view .LVU78
 437 0092 B320     		movs	r0, #179
 438 0094 FFF7FEFF 		bl	ST7735_SendCommand
 439              	.LVL44:
 109:Core/Src/st7735.c ****   ST7735_SendData(0x01);
 440              		.loc 1 109 3 view .LVU79
 441 0098 0120     		movs	r0, #1
 442 009a FFF7FEFF 		bl	ST7735_SendData
 443              	.LVL45:
 110:Core/Src/st7735.c ****   ST7735_SendData(0x2C);
 444              		.loc 1 110 3 view .LVU80
 445 009e 2C20     		movs	r0, #44
 446 00a0 FFF7FEFF 		bl	ST7735_SendData
 447              	.LVL46:
 111:Core/Src/st7735.c ****   ST7735_SendData(0x2D);
 448              		.loc 1 111 3 view .LVU81
 449 00a4 2D20     		movs	r0, #45
 450 00a6 FFF7FEFF 		bl	ST7735_SendData
 451              	.LVL47:
 112:Core/Src/st7735.c ****   ST7735_SendData(0x01);
 452              		.loc 1 112 3 view .LVU82
 453 00aa 0120     		movs	r0, #1
 454 00ac FFF7FEFF 		bl	ST7735_SendData
 455              	.LVL48:
 113:Core/Src/st7735.c ****   ST7735_SendData(0x2C);
 456              		.loc 1 113 3 view .LVU83
 457 00b0 2C20     		movs	r0, #44
 458 00b2 FFF7FEFF 		bl	ST7735_SendData
 459              	.LVL49:
 114:Core/Src/st7735.c ****   ST7735_SendData(0x2D);
 460              		.loc 1 114 3 view .LVU84
 461 00b6 2D20     		movs	r0, #45
 462 00b8 FFF7FEFF 		bl	ST7735_SendData
 463              	.LVL50:
 115:Core/Src/st7735.c **** 
 116:Core/Src/st7735.c ****   ST7735_SendCommand(ST7735_INVCTR);
 464              		.loc 1 116 3 view .LVU85
 465 00bc B420     		movs	r0, #180
 466 00be FFF7FEFF 		bl	ST7735_SendCommand
ARM GAS  C:\msys64\tmp\ccT80C1J.s 			page 11


 467              	.LVL51:
 117:Core/Src/st7735.c ****   ST7735_SendData(0x07);
 468              		.loc 1 117 3 view .LVU86
 469 00c2 0720     		movs	r0, #7
 470 00c4 FFF7FEFF 		bl	ST7735_SendData
 471              	.LVL52:
 118:Core/Src/st7735.c **** 
 119:Core/Src/st7735.c ****   ST7735_SendCommand(ST7735_PWCTR1);
 472              		.loc 1 119 3 view .LVU87
 473 00c8 C020     		movs	r0, #192
 474 00ca FFF7FEFF 		bl	ST7735_SendCommand
 475              	.LVL53:
 120:Core/Src/st7735.c ****   ST7735_SendData(0xA2);
 476              		.loc 1 120 3 view .LVU88
 477 00ce A220     		movs	r0, #162
 478 00d0 FFF7FEFF 		bl	ST7735_SendData
 479              	.LVL54:
 121:Core/Src/st7735.c ****   ST7735_SendData(0x02);
 480              		.loc 1 121 3 view .LVU89
 481 00d4 0220     		movs	r0, #2
 482 00d6 FFF7FEFF 		bl	ST7735_SendData
 483              	.LVL55:
 122:Core/Src/st7735.c ****   ST7735_SendData(0x84);
 484              		.loc 1 122 3 view .LVU90
 485 00da 8420     		movs	r0, #132
 486 00dc FFF7FEFF 		bl	ST7735_SendData
 487              	.LVL56:
 123:Core/Src/st7735.c **** 
 124:Core/Src/st7735.c ****   ST7735_SendCommand(ST7735_PWCTR2);
 488              		.loc 1 124 3 view .LVU91
 489 00e0 C120     		movs	r0, #193
 490 00e2 FFF7FEFF 		bl	ST7735_SendCommand
 491              	.LVL57:
 125:Core/Src/st7735.c ****   ST7735_SendData(0xC5);
 492              		.loc 1 125 3 view .LVU92
 493 00e6 C520     		movs	r0, #197
 494 00e8 FFF7FEFF 		bl	ST7735_SendData
 495              	.LVL58:
 126:Core/Src/st7735.c **** 
 127:Core/Src/st7735.c ****   ST7735_SendCommand(ST7735_PWCTR3);
 496              		.loc 1 127 3 view .LVU93
 497 00ec C220     		movs	r0, #194
 498 00ee FFF7FEFF 		bl	ST7735_SendCommand
 499              	.LVL59:
 128:Core/Src/st7735.c ****   ST7735_SendData(0x0A);
 500              		.loc 1 128 3 view .LVU94
 501 00f2 0A20     		movs	r0, #10
 502 00f4 FFF7FEFF 		bl	ST7735_SendData
 503              	.LVL60:
 129:Core/Src/st7735.c ****   ST7735_SendData(0x00);
 504              		.loc 1 129 3 view .LVU95
 505 00f8 0020     		movs	r0, #0
 506 00fa FFF7FEFF 		bl	ST7735_SendData
 507              	.LVL61:
 130:Core/Src/st7735.c **** 
 131:Core/Src/st7735.c ****   ST7735_SendCommand(ST7735_PWCTR4);
 508              		.loc 1 131 3 view .LVU96
ARM GAS  C:\msys64\tmp\ccT80C1J.s 			page 12


 509 00fe C320     		movs	r0, #195
 510 0100 FFF7FEFF 		bl	ST7735_SendCommand
 511              	.LVL62:
 132:Core/Src/st7735.c ****   ST7735_SendData(0x8A);
 512              		.loc 1 132 3 view .LVU97
 513 0104 8A20     		movs	r0, #138
 514 0106 FFF7FEFF 		bl	ST7735_SendData
 515              	.LVL63:
 133:Core/Src/st7735.c ****   ST7735_SendData(0x2A);
 516              		.loc 1 133 3 view .LVU98
 517 010a 2A20     		movs	r0, #42
 518 010c FFF7FEFF 		bl	ST7735_SendData
 519              	.LVL64:
 134:Core/Src/st7735.c **** 
 135:Core/Src/st7735.c ****   ST7735_SendCommand(ST7735_PWCTR5);
 520              		.loc 1 135 3 view .LVU99
 521 0110 C420     		movs	r0, #196
 522 0112 FFF7FEFF 		bl	ST7735_SendCommand
 523              	.LVL65:
 136:Core/Src/st7735.c ****   ST7735_SendData(0x8A);
 524              		.loc 1 136 3 view .LVU100
 525 0116 8A20     		movs	r0, #138
 526 0118 FFF7FEFF 		bl	ST7735_SendData
 527              	.LVL66:
 137:Core/Src/st7735.c ****   ST7735_SendData(0xEE);
 528              		.loc 1 137 3 view .LVU101
 529 011c EE20     		movs	r0, #238
 530 011e FFF7FEFF 		bl	ST7735_SendData
 531              	.LVL67:
 138:Core/Src/st7735.c **** 
 139:Core/Src/st7735.c ****   ST7735_SendCommand(ST7735_VMCTR1);
 532              		.loc 1 139 3 view .LVU102
 533 0122 C520     		movs	r0, #197
 534 0124 FFF7FEFF 		bl	ST7735_SendCommand
 535              	.LVL68:
 140:Core/Src/st7735.c ****   ST7735_SendData(0x0E);
 536              		.loc 1 140 3 view .LVU103
 537 0128 0E20     		movs	r0, #14
 538 012a FFF7FEFF 		bl	ST7735_SendData
 539              	.LVL69:
 141:Core/Src/st7735.c **** 
 142:Core/Src/st7735.c ****   ST7735_SendCommand(ST7735_INVOFF);
 540              		.loc 1 142 3 view .LVU104
 541 012e 2020     		movs	r0, #32
 542 0130 FFF7FEFF 		bl	ST7735_SendCommand
 543              	.LVL70:
 143:Core/Src/st7735.c **** 
 144:Core/Src/st7735.c ****   ST7735_SendCommand(ST7735_MADCTL);
 544              		.loc 1 144 3 view .LVU105
 545 0134 3620     		movs	r0, #54
 546 0136 FFF7FEFF 		bl	ST7735_SendCommand
 547              	.LVL71:
 145:Core/Src/st7735.c ****   ST7735_SendData(0xC0);
 548              		.loc 1 145 3 view .LVU106
 549 013a C020     		movs	r0, #192
 550 013c FFF7FEFF 		bl	ST7735_SendData
 551              	.LVL72:
ARM GAS  C:\msys64\tmp\ccT80C1J.s 			page 13


 146:Core/Src/st7735.c **** 
 147:Core/Src/st7735.c ****   ST7735_SendCommand(ST7735_COLMOD);
 552              		.loc 1 147 3 view .LVU107
 553 0140 3A20     		movs	r0, #58
 554 0142 FFF7FEFF 		bl	ST7735_SendCommand
 555              	.LVL73:
 148:Core/Src/st7735.c ****   ST7735_SendData(0x05);
 556              		.loc 1 148 3 view .LVU108
 557 0146 0520     		movs	r0, #5
 558 0148 FFF7FEFF 		bl	ST7735_SendData
 559              	.LVL74:
 149:Core/Src/st7735.c **** 
 150:Core/Src/st7735.c ****   ST7735_SendCommand(ST7735_GMCTRP1);
 560              		.loc 1 150 3 view .LVU109
 561 014c E020     		movs	r0, #224
 562 014e FFF7FEFF 		bl	ST7735_SendCommand
 563              	.LVL75:
 151:Core/Src/st7735.c ****   ST7735_SendData(0x02);
 564              		.loc 1 151 3 view .LVU110
 565 0152 0220     		movs	r0, #2
 566 0154 FFF7FEFF 		bl	ST7735_SendData
 567              	.LVL76:
 152:Core/Src/st7735.c ****   ST7735_SendData(0x1c);
 568              		.loc 1 152 3 view .LVU111
 569 0158 1C20     		movs	r0, #28
 570 015a FFF7FEFF 		bl	ST7735_SendData
 571              	.LVL77:
 153:Core/Src/st7735.c ****   ST7735_SendData(0x07);
 572              		.loc 1 153 3 view .LVU112
 573 015e 0720     		movs	r0, #7
 574 0160 FFF7FEFF 		bl	ST7735_SendData
 575              	.LVL78:
 154:Core/Src/st7735.c ****   ST7735_SendData(0x12);
 576              		.loc 1 154 3 view .LVU113
 577 0164 1220     		movs	r0, #18
 578 0166 FFF7FEFF 		bl	ST7735_SendData
 579              	.LVL79:
 155:Core/Src/st7735.c ****   ST7735_SendData(0x37);
 580              		.loc 1 155 3 view .LVU114
 581 016a 3720     		movs	r0, #55
 582 016c FFF7FEFF 		bl	ST7735_SendData
 583              	.LVL80:
 156:Core/Src/st7735.c ****   ST7735_SendData(0x32);
 584              		.loc 1 156 3 view .LVU115
 585 0170 3220     		movs	r0, #50
 586 0172 FFF7FEFF 		bl	ST7735_SendData
 587              	.LVL81:
 157:Core/Src/st7735.c ****   ST7735_SendData(0x29);
 588              		.loc 1 157 3 view .LVU116
 589 0176 2920     		movs	r0, #41
 590 0178 FFF7FEFF 		bl	ST7735_SendData
 591              	.LVL82:
 158:Core/Src/st7735.c ****   ST7735_SendData(0x2d);
 592              		.loc 1 158 3 view .LVU117
 593 017c 2D20     		movs	r0, #45
 594 017e FFF7FEFF 		bl	ST7735_SendData
 595              	.LVL83:
ARM GAS  C:\msys64\tmp\ccT80C1J.s 			page 14


 159:Core/Src/st7735.c ****   ST7735_SendData(0x29);
 596              		.loc 1 159 3 view .LVU118
 597 0182 2920     		movs	r0, #41
 598 0184 FFF7FEFF 		bl	ST7735_SendData
 599              	.LVL84:
 160:Core/Src/st7735.c ****   ST7735_SendData(0x25);
 600              		.loc 1 160 3 view .LVU119
 601 0188 2520     		movs	r0, #37
 602 018a FFF7FEFF 		bl	ST7735_SendData
 603              	.LVL85:
 161:Core/Src/st7735.c ****   ST7735_SendData(0x2B);
 604              		.loc 1 161 3 view .LVU120
 605 018e 2B20     		movs	r0, #43
 606 0190 FFF7FEFF 		bl	ST7735_SendData
 607              	.LVL86:
 162:Core/Src/st7735.c ****   ST7735_SendData(0x39);
 608              		.loc 1 162 3 view .LVU121
 609 0194 3920     		movs	r0, #57
 610 0196 FFF7FEFF 		bl	ST7735_SendData
 611              	.LVL87:
 163:Core/Src/st7735.c ****   ST7735_SendData(0x00);
 612              		.loc 1 163 3 view .LVU122
 613 019a 0020     		movs	r0, #0
 614 019c FFF7FEFF 		bl	ST7735_SendData
 615              	.LVL88:
 164:Core/Src/st7735.c ****   ST7735_SendData(0x01);
 616              		.loc 1 164 3 view .LVU123
 617 01a0 0120     		movs	r0, #1
 618 01a2 FFF7FEFF 		bl	ST7735_SendData
 619              	.LVL89:
 165:Core/Src/st7735.c ****   ST7735_SendData(0x03);
 620              		.loc 1 165 3 view .LVU124
 621 01a6 0320     		movs	r0, #3
 622 01a8 FFF7FEFF 		bl	ST7735_SendData
 623              	.LVL90:
 166:Core/Src/st7735.c ****   ST7735_SendData(0x10);
 624              		.loc 1 166 3 view .LVU125
 625 01ac 1020     		movs	r0, #16
 626 01ae FFF7FEFF 		bl	ST7735_SendData
 627              	.LVL91:
 167:Core/Src/st7735.c **** 
 168:Core/Src/st7735.c ****   ST7735_SendCommand(ST7735_GMCTRN1);
 628              		.loc 1 168 3 view .LVU126
 629 01b2 E120     		movs	r0, #225
 630 01b4 FFF7FEFF 		bl	ST7735_SendCommand
 631              	.LVL92:
 169:Core/Src/st7735.c ****   ST7735_SendData(0x03);
 632              		.loc 1 169 3 view .LVU127
 633 01b8 0320     		movs	r0, #3
 634 01ba FFF7FEFF 		bl	ST7735_SendData
 635              	.LVL93:
 170:Core/Src/st7735.c ****   ST7735_SendData(0x1d);
 636              		.loc 1 170 3 view .LVU128
 637 01be 1D20     		movs	r0, #29
 638 01c0 FFF7FEFF 		bl	ST7735_SendData
 639              	.LVL94:
 171:Core/Src/st7735.c ****   ST7735_SendData(0x07);
ARM GAS  C:\msys64\tmp\ccT80C1J.s 			page 15


 640              		.loc 1 171 3 view .LVU129
 641 01c4 0720     		movs	r0, #7
 642 01c6 FFF7FEFF 		bl	ST7735_SendData
 643              	.LVL95:
 172:Core/Src/st7735.c ****   ST7735_SendData(0x06);
 644              		.loc 1 172 3 view .LVU130
 645 01ca 0620     		movs	r0, #6
 646 01cc FFF7FEFF 		bl	ST7735_SendData
 647              	.LVL96:
 173:Core/Src/st7735.c ****   ST7735_SendData(0x2E);
 648              		.loc 1 173 3 view .LVU131
 649 01d0 2E20     		movs	r0, #46
 650 01d2 FFF7FEFF 		bl	ST7735_SendData
 651              	.LVL97:
 174:Core/Src/st7735.c ****   ST7735_SendData(0x2C);
 652              		.loc 1 174 3 view .LVU132
 653 01d6 2C20     		movs	r0, #44
 654 01d8 FFF7FEFF 		bl	ST7735_SendData
 655              	.LVL98:
 175:Core/Src/st7735.c ****   ST7735_SendData(0x29);
 656              		.loc 1 175 3 view .LVU133
 657 01dc 2920     		movs	r0, #41
 658 01de FFF7FEFF 		bl	ST7735_SendData
 659              	.LVL99:
 176:Core/Src/st7735.c ****   ST7735_SendData(0x2D);
 660              		.loc 1 176 3 view .LVU134
 661 01e2 2D20     		movs	r0, #45
 662 01e4 FFF7FEFF 		bl	ST7735_SendData
 663              	.LVL100:
 177:Core/Src/st7735.c ****   ST7735_SendData(0x2E);
 664              		.loc 1 177 3 view .LVU135
 665 01e8 2E20     		movs	r0, #46
 666 01ea FFF7FEFF 		bl	ST7735_SendData
 667              	.LVL101:
 178:Core/Src/st7735.c ****   ST7735_SendData(0x2E);
 668              		.loc 1 178 3 view .LVU136
 669 01ee 2E20     		movs	r0, #46
 670 01f0 FFF7FEFF 		bl	ST7735_SendData
 671              	.LVL102:
 179:Core/Src/st7735.c ****   ST7735_SendData(0x37);
 672              		.loc 1 179 3 view .LVU137
 673 01f4 3720     		movs	r0, #55
 674 01f6 FFF7FEFF 		bl	ST7735_SendData
 675              	.LVL103:
 180:Core/Src/st7735.c ****   ST7735_SendData(0x3F);
 676              		.loc 1 180 3 view .LVU138
 677 01fa 3F20     		movs	r0, #63
 678 01fc FFF7FEFF 		bl	ST7735_SendData
 679              	.LVL104:
 181:Core/Src/st7735.c ****   ST7735_SendData(0x00);
 680              		.loc 1 181 3 view .LVU139
 681 0200 0020     		movs	r0, #0
 682 0202 FFF7FEFF 		bl	ST7735_SendData
 683              	.LVL105:
 182:Core/Src/st7735.c ****   ST7735_SendData(0x00);
 684              		.loc 1 182 3 view .LVU140
 685 0206 0020     		movs	r0, #0
ARM GAS  C:\msys64\tmp\ccT80C1J.s 			page 16


 686 0208 FFF7FEFF 		bl	ST7735_SendData
 687              	.LVL106:
 183:Core/Src/st7735.c ****   ST7735_SendData(0x02);
 688              		.loc 1 183 3 view .LVU141
 689 020c 0220     		movs	r0, #2
 690 020e FFF7FEFF 		bl	ST7735_SendData
 691              	.LVL107:
 184:Core/Src/st7735.c ****   ST7735_SendData(0x10);
 692              		.loc 1 184 3 view .LVU142
 693 0212 1020     		movs	r0, #16
 694 0214 FFF7FEFF 		bl	ST7735_SendData
 695              	.LVL108:
 185:Core/Src/st7735.c **** 
 186:Core/Src/st7735.c ****   ST7735_SendCommand(ST7735_NORON);
 696              		.loc 1 186 3 view .LVU143
 697 0218 1320     		movs	r0, #19
 698 021a FFF7FEFF 		bl	ST7735_SendCommand
 699              	.LVL109:
 187:Core/Src/st7735.c ****   HAL_Delay(10);
 700              		.loc 1 187 3 view .LVU144
 701 021e 0A20     		movs	r0, #10
 702 0220 FFF7FEFF 		bl	HAL_Delay
 703              	.LVL110:
 188:Core/Src/st7735.c **** 
 189:Core/Src/st7735.c ****   ST7735_SendCommand(ST7735_DISPON);
 704              		.loc 1 189 3 view .LVU145
 705 0224 2920     		movs	r0, #41
 706 0226 FFF7FEFF 		bl	ST7735_SendCommand
 707              	.LVL111:
 190:Core/Src/st7735.c ****   HAL_Delay(100);
 708              		.loc 1 190 3 view .LVU146
 709 022a 6420     		movs	r0, #100
 710 022c FFF7FEFF 		bl	HAL_Delay
 711              	.LVL112:
 191:Core/Src/st7735.c **** 
 192:Core/Src/st7735.c ****   HAL_GPIO_WritePin(ST7735_CS_PORT, ST7735_CS_PIN, GPIO_PIN_SET);
 712              		.loc 1 192 3 view .LVU147
 713 0230 0122     		movs	r2, #1
 714 0232 1021     		movs	r1, #16
 715 0234 2046     		mov	r0, r4
 716 0236 FFF7FEFF 		bl	HAL_GPIO_WritePin
 717              	.LVL113:
 193:Core/Src/st7735.c **** }
 718              		.loc 1 193 1 is_stmt 0 view .LVU148
 719 023a 10BD     		pop	{r4, pc}
 720              	.L35:
 721              		.align	2
 722              	.L34:
 723 023c 00300140 		.word	1073819648
 724 0240 00080140 		.word	1073809408
 725              		.cfi_endproc
 726              	.LFE72:
 728              		.section	.text.ST7735_SetColAddr,"ax",%progbits
 729              		.align	1
 730              		.global	ST7735_SetColAddr
 731              		.syntax unified
 732              		.thumb
ARM GAS  C:\msys64\tmp\ccT80C1J.s 			page 17


 733              		.thumb_func
 735              	ST7735_SetColAddr:
 736              	.LVL114:
 737              	.LFB73:
 194:Core/Src/st7735.c **** 
 195:Core/Src/st7735.c **** /*----------------------------------------------------------------------------*/
 196:Core/Src/st7735.c **** void ST7735_SetColAddr(uint16_t cStart, uint16_t cStop)
 197:Core/Src/st7735.c **** {
 738              		.loc 1 197 1 is_stmt 1 view -0
 739              		.cfi_startproc
 740              		@ args = 0, pretend = 0, frame = 8
 741              		@ frame_needed = 0, uses_anonymous_args = 0
 742              		.loc 1 197 1 is_stmt 0 view .LVU150
 743 0000 00B5     		push	{lr}
 744              	.LCFI6:
 745              		.cfi_def_cfa_offset 4
 746              		.cfi_offset 14, -4
 747 0002 83B0     		sub	sp, sp, #12
 748              	.LCFI7:
 749              		.cfi_def_cfa_offset 16
 198:Core/Src/st7735.c ****   uint8_t data[4];
 750              		.loc 1 198 3 is_stmt 1 view .LVU151
 199:Core/Src/st7735.c **** 
 200:Core/Src/st7735.c ****   data[0] = (cStart & 0xFF00) >> 8;
 751              		.loc 1 200 3 view .LVU152
 752              		.loc 1 200 31 is_stmt 0 view .LVU153
 753 0004 030A     		lsrs	r3, r0, #8
 754              		.loc 1 200 11 view .LVU154
 755 0006 8DF80430 		strb	r3, [sp, #4]
 201:Core/Src/st7735.c ****   data[1] = cStart & 0x00FF;
 756              		.loc 1 201 3 is_stmt 1 view .LVU155
 757              		.loc 1 201 11 is_stmt 0 view .LVU156
 758 000a 8DF80500 		strb	r0, [sp, #5]
 202:Core/Src/st7735.c ****   data[2] = (cStop & 0xFF00) >> 8;
 759              		.loc 1 202 3 is_stmt 1 view .LVU157
 760              		.loc 1 202 30 is_stmt 0 view .LVU158
 761 000e 0B0A     		lsrs	r3, r1, #8
 762              		.loc 1 202 11 view .LVU159
 763 0010 8DF80630 		strb	r3, [sp, #6]
 203:Core/Src/st7735.c ****   data[3] = cStop & 0x00FF;
 764              		.loc 1 203 3 is_stmt 1 view .LVU160
 765              		.loc 1 203 11 is_stmt 0 view .LVU161
 766 0014 8DF80710 		strb	r1, [sp, #7]
 204:Core/Src/st7735.c **** 
 205:Core/Src/st7735.c ****   ST7735_SendCommand(ST7735_CASET);
 767              		.loc 1 205 3 is_stmt 1 view .LVU162
 768 0018 2A20     		movs	r0, #42
 769              	.LVL115:
 770              		.loc 1 205 3 is_stmt 0 view .LVU163
 771 001a FFF7FEFF 		bl	ST7735_SendCommand
 772              	.LVL116:
 206:Core/Src/st7735.c ****   ST7735_SendDataMultiple(data, 4);
 773              		.loc 1 206 3 is_stmt 1 view .LVU164
 774 001e 0421     		movs	r1, #4
 775 0020 0DEB0100 		add	r0, sp, r1
 776 0024 FFF7FEFF 		bl	ST7735_SendDataMultiple
 777              	.LVL117:
ARM GAS  C:\msys64\tmp\ccT80C1J.s 			page 18


 207:Core/Src/st7735.c **** }
 778              		.loc 1 207 1 is_stmt 0 view .LVU165
 779 0028 03B0     		add	sp, sp, #12
 780              	.LCFI8:
 781              		.cfi_def_cfa_offset 4
 782              		@ sp needed
 783 002a 00BD     		pop	{pc}
 784              		.cfi_endproc
 785              	.LFE73:
 787              		.section	.text.ST7735_SetRowAddr,"ax",%progbits
 788              		.align	1
 789              		.global	ST7735_SetRowAddr
 790              		.syntax unified
 791              		.thumb
 792              		.thumb_func
 794              	ST7735_SetRowAddr:
 795              	.LVL118:
 796              	.LFB74:
 208:Core/Src/st7735.c **** 
 209:Core/Src/st7735.c **** /*----------------------------------------------------------------------------*/
 210:Core/Src/st7735.c **** void ST7735_SetRowAddr(uint16_t rStart, uint16_t rStop)
 211:Core/Src/st7735.c **** {
 797              		.loc 1 211 1 is_stmt 1 view -0
 798              		.cfi_startproc
 799              		@ args = 0, pretend = 0, frame = 8
 800              		@ frame_needed = 0, uses_anonymous_args = 0
 801              		.loc 1 211 1 is_stmt 0 view .LVU167
 802 0000 00B5     		push	{lr}
 803              	.LCFI9:
 804              		.cfi_def_cfa_offset 4
 805              		.cfi_offset 14, -4
 806 0002 83B0     		sub	sp, sp, #12
 807              	.LCFI10:
 808              		.cfi_def_cfa_offset 16
 212:Core/Src/st7735.c ****   uint8_t data[4];
 809              		.loc 1 212 3 is_stmt 1 view .LVU168
 213:Core/Src/st7735.c **** 
 214:Core/Src/st7735.c ****   data[0] = (rStart & 0xFF00) >> 8;
 810              		.loc 1 214 3 view .LVU169
 811              		.loc 1 214 31 is_stmt 0 view .LVU170
 812 0004 030A     		lsrs	r3, r0, #8
 813              		.loc 1 214 11 view .LVU171
 814 0006 8DF80430 		strb	r3, [sp, #4]
 215:Core/Src/st7735.c ****   data[1] = rStart & 0x00FF;
 815              		.loc 1 215 3 is_stmt 1 view .LVU172
 816              		.loc 1 215 11 is_stmt 0 view .LVU173
 817 000a 8DF80500 		strb	r0, [sp, #5]
 216:Core/Src/st7735.c ****   data[2] = (rStop & 0xFF00) >> 8;
 818              		.loc 1 216 3 is_stmt 1 view .LVU174
 819              		.loc 1 216 30 is_stmt 0 view .LVU175
 820 000e 0B0A     		lsrs	r3, r1, #8
 821              		.loc 1 216 11 view .LVU176
 822 0010 8DF80630 		strb	r3, [sp, #6]
 217:Core/Src/st7735.c ****   data[3] = rStop & 0x00FF;
 823              		.loc 1 217 3 is_stmt 1 view .LVU177
 824              		.loc 1 217 11 is_stmt 0 view .LVU178
 825 0014 8DF80710 		strb	r1, [sp, #7]
ARM GAS  C:\msys64\tmp\ccT80C1J.s 			page 19


 218:Core/Src/st7735.c **** 
 219:Core/Src/st7735.c ****   ST7735_SendCommand(ST7735_RASET);
 826              		.loc 1 219 3 is_stmt 1 view .LVU179
 827 0018 2B20     		movs	r0, #43
 828              	.LVL119:
 829              		.loc 1 219 3 is_stmt 0 view .LVU180
 830 001a FFF7FEFF 		bl	ST7735_SendCommand
 831              	.LVL120:
 220:Core/Src/st7735.c ****   ST7735_SendDataMultiple(data, 4);
 832              		.loc 1 220 3 is_stmt 1 view .LVU181
 833 001e 0421     		movs	r1, #4
 834 0020 0DEB0100 		add	r0, sp, r1
 835 0024 FFF7FEFF 		bl	ST7735_SendDataMultiple
 836              	.LVL121:
 221:Core/Src/st7735.c **** }
 837              		.loc 1 221 1 is_stmt 0 view .LVU182
 838 0028 03B0     		add	sp, sp, #12
 839              	.LCFI11:
 840              		.cfi_def_cfa_offset 4
 841              		@ sp needed
 842 002a 00BD     		pop	{pc}
 843              		.cfi_endproc
 844              	.LFE74:
 846              		.section	.text.ST7735_DrawRect,"ax",%progbits
 847              		.align	1
 848              		.global	ST7735_DrawRect
 849              		.syntax unified
 850              		.thumb
 851              		.thumb_func
 853              	ST7735_DrawRect:
 854              	.LVL122:
 855              	.LFB75:
 222:Core/Src/st7735.c **** 
 223:Core/Src/st7735.c **** /*----------------------------------------------------------------------------*/
 224:Core/Src/st7735.c **** void ST7735_DrawRect(uint16_t cStart, uint16_t rStart, uint16_t cStop, uint16_t rStop, uint16_t col
 225:Core/Src/st7735.c **** {
 856              		.loc 1 225 1 is_stmt 1 view -0
 857              		.cfi_startproc
 858              		@ args = 4, pretend = 0, frame = 8
 859              		@ frame_needed = 0, uses_anonymous_args = 0
 860              		.loc 1 225 1 is_stmt 0 view .LVU184
 861 0000 2DE9F043 		push	{r4, r5, r6, r7, r8, r9, lr}
 862              	.LCFI12:
 863              		.cfi_def_cfa_offset 28
 864              		.cfi_offset 4, -28
 865              		.cfi_offset 5, -24
 866              		.cfi_offset 6, -20
 867              		.cfi_offset 7, -16
 868              		.cfi_offset 8, -12
 869              		.cfi_offset 9, -8
 870              		.cfi_offset 14, -4
 871 0004 83B0     		sub	sp, sp, #12
 872              	.LCFI13:
 873              		.cfi_def_cfa_offset 40
 874 0006 8146     		mov	r9, r0
 875 0008 0F46     		mov	r7, r1
 876 000a 1546     		mov	r5, r2
ARM GAS  C:\msys64\tmp\ccT80C1J.s 			page 20


 877 000c 1C46     		mov	r4, r3
 878 000e BDF82860 		ldrh	r6, [sp, #40]
 226:Core/Src/st7735.c ****   HAL_GPIO_WritePin(ST7735_CS_PORT, ST7735_CS_PIN, GPIO_PIN_RESET);
 879              		.loc 1 226 3 is_stmt 1 view .LVU185
 880 0012 DFF87080 		ldr	r8, .L44
 881 0016 0022     		movs	r2, #0
 882              	.LVL123:
 883              		.loc 1 226 3 is_stmt 0 view .LVU186
 884 0018 1021     		movs	r1, #16
 885              	.LVL124:
 886              		.loc 1 226 3 view .LVU187
 887 001a 4046     		mov	r0, r8
 888              	.LVL125:
 889              		.loc 1 226 3 view .LVU188
 890 001c FFF7FEFF 		bl	HAL_GPIO_WritePin
 891              	.LVL126:
 227:Core/Src/st7735.c ****   ST7735_SetColAddr(cStart, cStop - 1);
 892              		.loc 1 227 3 is_stmt 1 view .LVU189
 893 0020 691E     		subs	r1, r5, #1
 894 0022 89B2     		uxth	r1, r1
 895 0024 4846     		mov	r0, r9
 896 0026 FFF7FEFF 		bl	ST7735_SetColAddr
 897              	.LVL127:
 228:Core/Src/st7735.c ****   ST7735_SetRowAddr(rStart, rStop - 1);
 898              		.loc 1 228 3 view .LVU190
 899 002a 611E     		subs	r1, r4, #1
 900 002c 89B2     		uxth	r1, r1
 901 002e 3846     		mov	r0, r7
 902 0030 FFF7FEFF 		bl	ST7735_SetRowAddr
 903              	.LVL128:
 229:Core/Src/st7735.c **** 
 230:Core/Src/st7735.c ****   ST7735_SendCommand(ST7735_RAMWR);
 904              		.loc 1 230 3 view .LVU191
 905 0034 2C20     		movs	r0, #44
 906 0036 FFF7FEFF 		bl	ST7735_SendCommand
 907              	.LVL129:
 231:Core/Src/st7735.c **** 
 232:Core/Src/st7735.c ****   uint32_t size = (cStop - cStart) * (rStop - rStart);
 908              		.loc 1 232 3 view .LVU192
 909              		.loc 1 232 26 is_stmt 0 view .LVU193
 910 003a A5EB0905 		sub	r5, r5, r9
 911              	.LVL130:
 912              		.loc 1 232 45 view .LVU194
 913 003e E41B     		subs	r4, r4, r7
 914              	.LVL131:
 915              		.loc 1 232 36 view .LVU195
 916 0040 04FB05F5 		mul	r5, r4, r5
 917              	.LVL132:
 233:Core/Src/st7735.c ****   uint8_t colorBytes[2];
 918              		.loc 1 233 3 is_stmt 1 view .LVU196
 234:Core/Src/st7735.c ****   colorBytes[0] = (color & 0xFF00) >> 8;
 919              		.loc 1 234 3 view .LVU197
 920              		.loc 1 234 17 is_stmt 0 view .LVU198
 921 0044 370A     		lsrs	r7, r6, #8
 922              	.LVL133:
 923              		.loc 1 234 17 view .LVU199
 924 0046 8DF80470 		strb	r7, [sp, #4]
ARM GAS  C:\msys64\tmp\ccT80C1J.s 			page 21


 235:Core/Src/st7735.c ****   colorBytes[1] = color & 0x00FF;
 925              		.loc 1 235 3 is_stmt 1 view .LVU200
 926              		.loc 1 235 17 is_stmt 0 view .LVU201
 927 004a F6B2     		uxtb	r6, r6
 928 004c 8DF80560 		strb	r6, [sp, #5]
 236:Core/Src/st7735.c **** 
 237:Core/Src/st7735.c ****   HAL_GPIO_WritePin(ST7735_DC_PORT, ST7735_DC_PIN, GPIO_PIN_SET);
 929              		.loc 1 237 3 is_stmt 1 view .LVU202
 930 0050 0122     		movs	r2, #1
 931 0052 4021     		movs	r1, #64
 932 0054 4046     		mov	r0, r8
 933 0056 FFF7FEFF 		bl	HAL_GPIO_WritePin
 934              	.LVL134:
 238:Core/Src/st7735.c **** 
 239:Core/Src/st7735.c ****   for (uint32_t i = 0; i < size; i++)
 935              		.loc 1 239 3 view .LVU203
 936              	.LBB3:
 937              		.loc 1 239 8 view .LVU204
 938              		.loc 1 239 17 is_stmt 0 view .LVU205
 939 005a 0024     		movs	r4, #0
 940              		.loc 1 239 3 view .LVU206
 941 005c 06E0     		b	.L41
 942              	.LVL135:
 943              	.L42:
 240:Core/Src/st7735.c ****   {
 241:Core/Src/st7735.c ****     ST7735_SendByte(colorBytes[0]);
 944              		.loc 1 241 5 is_stmt 1 view .LVU207
 945 005e 3846     		mov	r0, r7
 946 0060 FFF7FEFF 		bl	ST7735_SendByte
 947              	.LVL136:
 242:Core/Src/st7735.c ****     ST7735_SendByte(colorBytes[1]);
 948              		.loc 1 242 5 view .LVU208
 949 0064 3046     		mov	r0, r6
 950 0066 FFF7FEFF 		bl	ST7735_SendByte
 951              	.LVL137:
 239:Core/Src/st7735.c ****   {
 952              		.loc 1 239 35 discriminator 3 view .LVU209
 953 006a 0134     		adds	r4, r4, #1
 954              	.LVL138:
 955              	.L41:
 239:Core/Src/st7735.c ****   {
 956              		.loc 1 239 26 discriminator 1 view .LVU210
 957 006c AC42     		cmp	r4, r5
 958 006e F6D3     		bcc	.L42
 959              	.LBE3:
 243:Core/Src/st7735.c ****   }
 244:Core/Src/st7735.c **** 
 245:Core/Src/st7735.c ****   ST7735_WaitLastData();
 960              		.loc 1 245 3 view .LVU211
 961 0070 FFF7FEFF 		bl	ST7735_WaitLastData
 962              	.LVL139:
 246:Core/Src/st7735.c ****   HAL_GPIO_WritePin(ST7735_CS_PORT, ST7735_CS_PIN, GPIO_PIN_SET);
 963              		.loc 1 246 3 view .LVU212
 964 0074 0122     		movs	r2, #1
 965 0076 1021     		movs	r1, #16
 966 0078 0248     		ldr	r0, .L44
 967 007a FFF7FEFF 		bl	HAL_GPIO_WritePin
ARM GAS  C:\msys64\tmp\ccT80C1J.s 			page 22


 968              	.LVL140:
 247:Core/Src/st7735.c **** }
 969              		.loc 1 247 1 is_stmt 0 view .LVU213
 970 007e 03B0     		add	sp, sp, #12
 971              	.LCFI14:
 972              		.cfi_def_cfa_offset 28
 973              		@ sp needed
 974 0080 BDE8F083 		pop	{r4, r5, r6, r7, r8, r9, pc}
 975              	.LVL141:
 976              	.L45:
 977              		.loc 1 247 1 view .LVU214
 978              		.align	2
 979              	.L44:
 980 0084 00080140 		.word	1073809408
 981              		.cfi_endproc
 982              	.LFE75:
 984              		.section	.text.ST7735_DrawLine,"ax",%progbits
 985              		.align	1
 986              		.global	ST7735_DrawLine
 987              		.syntax unified
 988              		.thumb
 989              		.thumb_func
 991              	ST7735_DrawLine:
 992              	.LVL142:
 993              	.LFB76:
 248:Core/Src/st7735.c **** 
 249:Core/Src/st7735.c **** /*----------------------------------------------------------------------------*/
 250:Core/Src/st7735.c **** void ST7735_DrawLine(uint16_t cStart, uint16_t rStart, uint16_t cStop, uint16_t rStop, uint16_t col
 251:Core/Src/st7735.c **** {
 994              		.loc 1 251 1 is_stmt 1 view -0
 995              		.cfi_startproc
 996              		@ args = 4, pretend = 0, frame = 8
 997              		@ frame_needed = 0, uses_anonymous_args = 0
 998              		.loc 1 251 1 is_stmt 0 view .LVU216
 999 0000 2DE9F043 		push	{r4, r5, r6, r7, r8, r9, lr}
 1000              	.LCFI15:
 1001              		.cfi_def_cfa_offset 28
 1002              		.cfi_offset 4, -28
 1003              		.cfi_offset 5, -24
 1004              		.cfi_offset 6, -20
 1005              		.cfi_offset 7, -16
 1006              		.cfi_offset 8, -12
 1007              		.cfi_offset 9, -8
 1008              		.cfi_offset 14, -4
 1009 0004 83B0     		sub	sp, sp, #12
 1010              	.LCFI16:
 1011              		.cfi_def_cfa_offset 40
 1012 0006 8146     		mov	r9, r0
 1013 0008 0F46     		mov	r7, r1
 1014 000a 1546     		mov	r5, r2
 1015 000c 1C46     		mov	r4, r3
 1016 000e BDF82860 		ldrh	r6, [sp, #40]
 252:Core/Src/st7735.c ****   HAL_GPIO_WritePin(ST7735_CS_PORT, ST7735_CS_PIN, GPIO_PIN_RESET);
 1017              		.loc 1 252 3 is_stmt 1 view .LVU217
 1018 0012 DFF87080 		ldr	r8, .L50
 1019 0016 0022     		movs	r2, #0
 1020              	.LVL143:
ARM GAS  C:\msys64\tmp\ccT80C1J.s 			page 23


 1021              		.loc 1 252 3 is_stmt 0 view .LVU218
 1022 0018 1021     		movs	r1, #16
 1023              	.LVL144:
 1024              		.loc 1 252 3 view .LVU219
 1025 001a 4046     		mov	r0, r8
 1026              	.LVL145:
 1027              		.loc 1 252 3 view .LVU220
 1028 001c FFF7FEFF 		bl	HAL_GPIO_WritePin
 1029              	.LVL146:
 253:Core/Src/st7735.c ****   ST7735_SetColAddr(cStart, cStop - 1);
 1030              		.loc 1 253 3 is_stmt 1 view .LVU221
 1031 0020 691E     		subs	r1, r5, #1
 1032 0022 89B2     		uxth	r1, r1
 1033 0024 4846     		mov	r0, r9
 1034 0026 FFF7FEFF 		bl	ST7735_SetColAddr
 1035              	.LVL147:
 254:Core/Src/st7735.c ****   ST7735_SetRowAddr(rStart, rStop - 1);
 1036              		.loc 1 254 3 view .LVU222
 1037 002a 611E     		subs	r1, r4, #1
 1038 002c 89B2     		uxth	r1, r1
 1039 002e 3846     		mov	r0, r7
 1040 0030 FFF7FEFF 		bl	ST7735_SetRowAddr
 1041              	.LVL148:
 255:Core/Src/st7735.c **** 
 256:Core/Src/st7735.c ****   ST7735_SendCommand(ST7735_RAMWR);
 1042              		.loc 1 256 3 view .LVU223
 1043 0034 2C20     		movs	r0, #44
 1044 0036 FFF7FEFF 		bl	ST7735_SendCommand
 1045              	.LVL149:
 257:Core/Src/st7735.c **** 
 258:Core/Src/st7735.c ****   uint32_t size = (cStop - cStart) * (rStop - rStart);
 1046              		.loc 1 258 3 view .LVU224
 1047              		.loc 1 258 26 is_stmt 0 view .LVU225
 1048 003a A5EB0905 		sub	r5, r5, r9
 1049              	.LVL150:
 1050              		.loc 1 258 45 view .LVU226
 1051 003e E41B     		subs	r4, r4, r7
 1052              	.LVL151:
 1053              		.loc 1 258 36 view .LVU227
 1054 0040 04FB05F5 		mul	r5, r4, r5
 1055              	.LVL152:
 259:Core/Src/st7735.c ****   uint8_t colorBytes[2];
 1056              		.loc 1 259 3 is_stmt 1 view .LVU228
 260:Core/Src/st7735.c ****   colorBytes[0] = (color & 0xFF00) >> 8;
 1057              		.loc 1 260 3 view .LVU229
 1058              		.loc 1 260 17 is_stmt 0 view .LVU230
 1059 0044 370A     		lsrs	r7, r6, #8
 1060              	.LVL153:
 1061              		.loc 1 260 17 view .LVU231
 1062 0046 8DF80470 		strb	r7, [sp, #4]
 261:Core/Src/st7735.c ****   colorBytes[1] = color & 0x00FF;
 1063              		.loc 1 261 3 is_stmt 1 view .LVU232
 1064              		.loc 1 261 17 is_stmt 0 view .LVU233
 1065 004a F6B2     		uxtb	r6, r6
 1066 004c 8DF80560 		strb	r6, [sp, #5]
 262:Core/Src/st7735.c **** 
 263:Core/Src/st7735.c ****   HAL_GPIO_WritePin(ST7735_DC_PORT, ST7735_DC_PIN, GPIO_PIN_SET);
ARM GAS  C:\msys64\tmp\ccT80C1J.s 			page 24


 1067              		.loc 1 263 3 is_stmt 1 view .LVU234
 1068 0050 0122     		movs	r2, #1
 1069 0052 4021     		movs	r1, #64
 1070 0054 4046     		mov	r0, r8
 1071 0056 FFF7FEFF 		bl	HAL_GPIO_WritePin
 1072              	.LVL154:
 264:Core/Src/st7735.c **** 
 265:Core/Src/st7735.c ****   for (uint32_t i = 0; i < size; i++)
 1073              		.loc 1 265 3 view .LVU235
 1074              	.LBB4:
 1075              		.loc 1 265 8 view .LVU236
 1076              		.loc 1 265 17 is_stmt 0 view .LVU237
 1077 005a 0024     		movs	r4, #0
 1078              		.loc 1 265 3 view .LVU238
 1079 005c 06E0     		b	.L47
 1080              	.LVL155:
 1081              	.L48:
 266:Core/Src/st7735.c ****   {
 267:Core/Src/st7735.c ****     ST7735_SendByte(colorBytes[0]);
 1082              		.loc 1 267 5 is_stmt 1 view .LVU239
 1083 005e 3846     		mov	r0, r7
 1084 0060 FFF7FEFF 		bl	ST7735_SendByte
 1085              	.LVL156:
 268:Core/Src/st7735.c ****     ST7735_SendByte(colorBytes[1]);
 1086              		.loc 1 268 5 view .LVU240
 1087 0064 3046     		mov	r0, r6
 1088 0066 FFF7FEFF 		bl	ST7735_SendByte
 1089              	.LVL157:
 265:Core/Src/st7735.c ****   {
 1090              		.loc 1 265 35 discriminator 3 view .LVU241
 1091 006a 0134     		adds	r4, r4, #1
 1092              	.LVL158:
 1093              	.L47:
 265:Core/Src/st7735.c ****   {
 1094              		.loc 1 265 26 discriminator 1 view .LVU242
 1095 006c AC42     		cmp	r4, r5
 1096 006e F6D3     		bcc	.L48
 1097              	.LBE4:
 269:Core/Src/st7735.c ****   }
 270:Core/Src/st7735.c **** 
 271:Core/Src/st7735.c ****   ST7735_WaitLastData();
 1098              		.loc 1 271 3 view .LVU243
 1099 0070 FFF7FEFF 		bl	ST7735_WaitLastData
 1100              	.LVL159:
 272:Core/Src/st7735.c ****   HAL_GPIO_WritePin(ST7735_CS_PORT, ST7735_CS_PIN, GPIO_PIN_SET);
 1101              		.loc 1 272 3 view .LVU244
 1102 0074 0122     		movs	r2, #1
 1103 0076 1021     		movs	r1, #16
 1104 0078 0248     		ldr	r0, .L50
 1105 007a FFF7FEFF 		bl	HAL_GPIO_WritePin
 1106              	.LVL160:
 273:Core/Src/st7735.c **** }
 1107              		.loc 1 273 1 is_stmt 0 view .LVU245
 1108 007e 03B0     		add	sp, sp, #12
 1109              	.LCFI17:
 1110              		.cfi_def_cfa_offset 28
 1111              		@ sp needed
ARM GAS  C:\msys64\tmp\ccT80C1J.s 			page 25


 1112 0080 BDE8F083 		pop	{r4, r5, r6, r7, r8, r9, pc}
 1113              	.LVL161:
 1114              	.L51:
 1115              		.loc 1 273 1 view .LVU246
 1116              		.align	2
 1117              	.L50:
 1118 0084 00080140 		.word	1073809408
 1119              		.cfi_endproc
 1120              	.LFE76:
 1122              		.text
 1123              	.Letext0:
 1124              		.file 2 "C:/Program Files (x86)/Arm/GNU Toolchain mingw-w64-i686-arm-none-eabi/arm-none-eabi/inclu
 1125              		.file 3 "C:/Program Files (x86)/Arm/GNU Toolchain mingw-w64-i686-arm-none-eabi/arm-none-eabi/inclu
 1126              		.file 4 "Drivers/CMSIS/Device/ST/STM32F1xx/Include/stm32f103xb.h"
 1127              		.file 5 "Drivers/CMSIS/Device/ST/STM32F1xx/Include/stm32f1xx.h"
 1128              		.file 6 "Drivers/STM32F1xx_HAL_Driver/Inc/stm32f1xx_hal_gpio.h"
 1129              		.file 7 "Drivers/STM32F1xx_HAL_Driver/Inc/stm32f1xx_hal.h"
ARM GAS  C:\msys64\tmp\ccT80C1J.s 			page 26


DEFINED SYMBOLS
                            *ABS*:00000000 st7735.c
C:\msys64\tmp\ccT80C1J.s:19     .text.ST7735_Select:00000000 $t
C:\msys64\tmp\ccT80C1J.s:25     .text.ST7735_Select:00000000 ST7735_Select
C:\msys64\tmp\ccT80C1J.s:47     .text.ST7735_Select:00000010 $d
C:\msys64\tmp\ccT80C1J.s:52     .text.ST7735_Deselect:00000000 $t
C:\msys64\tmp\ccT80C1J.s:58     .text.ST7735_Deselect:00000000 ST7735_Deselect
C:\msys64\tmp\ccT80C1J.s:80     .text.ST7735_Deselect:00000010 $d
C:\msys64\tmp\ccT80C1J.s:85     .text.ST7735_SendByte:00000000 $t
C:\msys64\tmp\ccT80C1J.s:91     .text.ST7735_SendByte:00000000 ST7735_SendByte
C:\msys64\tmp\ccT80C1J.s:116    .text.ST7735_SendByte:00000010 $d
C:\msys64\tmp\ccT80C1J.s:121    .text.ST7735_WaitLastData:00000000 $t
C:\msys64\tmp\ccT80C1J.s:127    .text.ST7735_WaitLastData:00000000 ST7735_WaitLastData
C:\msys64\tmp\ccT80C1J.s:155    .text.ST7735_WaitLastData:00000018 $d
C:\msys64\tmp\ccT80C1J.s:160    .text.ST7735_SendCommand:00000000 $t
C:\msys64\tmp\ccT80C1J.s:166    .text.ST7735_SendCommand:00000000 ST7735_SendCommand
C:\msys64\tmp\ccT80C1J.s:202    .text.ST7735_SendCommand:0000001c $d
C:\msys64\tmp\ccT80C1J.s:207    .text.ST7735_SendData:00000000 $t
C:\msys64\tmp\ccT80C1J.s:213    .text.ST7735_SendData:00000000 ST7735_SendData
C:\msys64\tmp\ccT80C1J.s:249    .text.ST7735_SendData:0000001c $d
C:\msys64\tmp\ccT80C1J.s:254    .text.ST7735_SendDataMultiple:00000000 $t
C:\msys64\tmp\ccT80C1J.s:260    .text.ST7735_SendDataMultiple:00000000 ST7735_SendDataMultiple
C:\msys64\tmp\ccT80C1J.s:322    .text.ST7735_SendDataMultiple:00000028 $d
C:\msys64\tmp\ccT80C1J.s:327    .text.ST7735_Init:00000000 $t
C:\msys64\tmp\ccT80C1J.s:333    .text.ST7735_Init:00000000 ST7735_Init
C:\msys64\tmp\ccT80C1J.s:723    .text.ST7735_Init:0000023c $d
C:\msys64\tmp\ccT80C1J.s:729    .text.ST7735_SetColAddr:00000000 $t
C:\msys64\tmp\ccT80C1J.s:735    .text.ST7735_SetColAddr:00000000 ST7735_SetColAddr
C:\msys64\tmp\ccT80C1J.s:788    .text.ST7735_SetRowAddr:00000000 $t
C:\msys64\tmp\ccT80C1J.s:794    .text.ST7735_SetRowAddr:00000000 ST7735_SetRowAddr
C:\msys64\tmp\ccT80C1J.s:847    .text.ST7735_DrawRect:00000000 $t
C:\msys64\tmp\ccT80C1J.s:853    .text.ST7735_DrawRect:00000000 ST7735_DrawRect
C:\msys64\tmp\ccT80C1J.s:980    .text.ST7735_DrawRect:00000084 $d
C:\msys64\tmp\ccT80C1J.s:985    .text.ST7735_DrawLine:00000000 $t
C:\msys64\tmp\ccT80C1J.s:991    .text.ST7735_DrawLine:00000000 ST7735_DrawLine
C:\msys64\tmp\ccT80C1J.s:1118   .text.ST7735_DrawLine:00000084 $d

UNDEFINED SYMBOLS
HAL_GPIO_WritePin
HAL_Delay
